Archive member included to satisfy reference by file (symbol)

/Applications/ARM/bin/../lib/gcc/arm-none-eabi/9.3.1/../../../../arm-none-eabi/lib/thumb/v6-m/nofp/libc_nano.a(lib_a-exit.o)
                              /Applications/ARM/bin/../lib/gcc/arm-none-eabi/9.3.1/../../../../arm-none-eabi/lib/thumb/v6-m/nofp/crt0.o (exit)
/Applications/ARM/bin/../lib/gcc/arm-none-eabi/9.3.1/../../../../arm-none-eabi/lib/thumb/v6-m/nofp/libc_nano.a(lib_a-impure.o)
                              /Applications/ARM/bin/../lib/gcc/arm-none-eabi/9.3.1/../../../../arm-none-eabi/lib/thumb/v6-m/nofp/libc_nano.a(lib_a-exit.o) (_global_impure_ptr)
/Applications/ARM/bin/../lib/gcc/arm-none-eabi/9.3.1/../../../../arm-none-eabi/lib/thumb/v6-m/nofp/libc_nano.a(lib_a-init.o)
                              /Applications/ARM/bin/../lib/gcc/arm-none-eabi/9.3.1/../../../../arm-none-eabi/lib/thumb/v6-m/nofp/crt0.o (__libc_init_array)
/Applications/ARM/bin/../lib/gcc/arm-none-eabi/9.3.1/../../../../arm-none-eabi/lib/thumb/v6-m/nofp/libc_nano.a(lib_a-memcpy-stub.o)
                              build/buttons.o (memcpy)
/Applications/ARM/bin/../lib/gcc/arm-none-eabi/9.3.1/../../../../arm-none-eabi/lib/thumb/v6-m/nofp/libc_nano.a(lib_a-memset.o)
                              /Applications/ARM/bin/../lib/gcc/arm-none-eabi/9.3.1/../../../../arm-none-eabi/lib/thumb/v6-m/nofp/crt0.o (memset)
/Applications/ARM/bin/../lib/gcc/arm-none-eabi/9.3.1/../../../../arm-none-eabi/lib/thumb/v6-m/nofp/libc_nano.a(lib_a-sprintf.o)
                              build/main.o (sprintf)
/Applications/ARM/bin/../lib/gcc/arm-none-eabi/9.3.1/../../../../arm-none-eabi/lib/thumb/v6-m/nofp/libc_nano.a(lib_a-strlen.o)
                              build/usart.o (strlen)
/Applications/ARM/bin/../lib/gcc/arm-none-eabi/9.3.1/../../../../arm-none-eabi/lib/thumb/v6-m/nofp/libc_nano.a(lib_a-nano-svfprintf.o)
                              /Applications/ARM/bin/../lib/gcc/arm-none-eabi/9.3.1/../../../../arm-none-eabi/lib/thumb/v6-m/nofp/libc_nano.a(lib_a-sprintf.o) (_svfprintf_r)
/Applications/ARM/bin/../lib/gcc/arm-none-eabi/9.3.1/../../../../arm-none-eabi/lib/thumb/v6-m/nofp/libc_nano.a(lib_a-nano-vfprintf_i.o)
                              /Applications/ARM/bin/../lib/gcc/arm-none-eabi/9.3.1/../../../../arm-none-eabi/lib/thumb/v6-m/nofp/libc_nano.a(lib_a-nano-svfprintf.o) (_printf_i)
/Applications/ARM/bin/../lib/gcc/arm-none-eabi/9.3.1/../../../../arm-none-eabi/lib/thumb/v6-m/nofp/libc_nano.a(lib_a-memchr-stub.o)
                              /Applications/ARM/bin/../lib/gcc/arm-none-eabi/9.3.1/../../../../arm-none-eabi/lib/thumb/v6-m/nofp/libc_nano.a(lib_a-nano-svfprintf.o) (memchr)
/Applications/ARM/bin/../lib/gcc/arm-none-eabi/9.3.1/../../../../arm-none-eabi/lib/thumb/v6-m/nofp/libc_nano.a(lib_a-memmove.o)
                              /Applications/ARM/bin/../lib/gcc/arm-none-eabi/9.3.1/../../../../arm-none-eabi/lib/thumb/v6-m/nofp/libc_nano.a(lib_a-nano-svfprintf.o) (memmove)
/Applications/ARM/bin/../lib/gcc/arm-none-eabi/9.3.1/../../../../arm-none-eabi/lib/thumb/v6-m/nofp/libc_nano.a(lib_a-nano-freer.o)
                              /Applications/ARM/bin/../lib/gcc/arm-none-eabi/9.3.1/../../../../arm-none-eabi/lib/thumb/v6-m/nofp/libc_nano.a(lib_a-nano-svfprintf.o) (_free_r)
/Applications/ARM/bin/../lib/gcc/arm-none-eabi/9.3.1/../../../../arm-none-eabi/lib/thumb/v6-m/nofp/libc_nano.a(lib_a-nano-mallocr.o)
                              /Applications/ARM/bin/../lib/gcc/arm-none-eabi/9.3.1/../../../../arm-none-eabi/lib/thumb/v6-m/nofp/libc_nano.a(lib_a-nano-svfprintf.o) (_malloc_r)
/Applications/ARM/bin/../lib/gcc/arm-none-eabi/9.3.1/../../../../arm-none-eabi/lib/thumb/v6-m/nofp/libc_nano.a(lib_a-nano-reallocr.o)
                              /Applications/ARM/bin/../lib/gcc/arm-none-eabi/9.3.1/../../../../arm-none-eabi/lib/thumb/v6-m/nofp/libc_nano.a(lib_a-nano-svfprintf.o) (_realloc_r)
/Applications/ARM/bin/../lib/gcc/arm-none-eabi/9.3.1/../../../../arm-none-eabi/lib/thumb/v6-m/nofp/libc_nano.a(lib_a-sbrkr.o)
                              /Applications/ARM/bin/../lib/gcc/arm-none-eabi/9.3.1/../../../../arm-none-eabi/lib/thumb/v6-m/nofp/libc_nano.a(lib_a-nano-mallocr.o) (_sbrk_r)
/Applications/ARM/bin/../lib/gcc/arm-none-eabi/9.3.1/../../../../arm-none-eabi/lib/thumb/v6-m/nofp/libc_nano.a(lib_a-mlock.o)
                              /Applications/ARM/bin/../lib/gcc/arm-none-eabi/9.3.1/../../../../arm-none-eabi/lib/thumb/v6-m/nofp/libc_nano.a(lib_a-nano-freer.o) (__malloc_lock)
/Applications/ARM/bin/../lib/gcc/arm-none-eabi/9.3.1/../../../../arm-none-eabi/lib/thumb/v6-m/nofp/libc_nano.a(lib_a-nano-msizer.o)
                              /Applications/ARM/bin/../lib/gcc/arm-none-eabi/9.3.1/../../../../arm-none-eabi/lib/thumb/v6-m/nofp/libc_nano.a(lib_a-nano-reallocr.o) (_malloc_usable_size_r)
/Applications/ARM/bin/../lib/gcc/arm-none-eabi/9.3.1/../../../../arm-none-eabi/lib/thumb/v6-m/nofp/libc_nano.a(lib_a-reent.o)
[...]
Memory Configuration

Name             Origin             Length             Attributes
RAM              0x0000000020000000 0x0000000000002000 xrw
FLASH            0x0000000008000000 0x0000000000008000 xr
*default*        0x0000000000000000 0xffffffffffffffff

Linker script and memory map

LOAD /Applications/ARM/bin/../lib/gcc/arm-none-eabi/9.3.1/thumb/v6-m/nofp/crti.o
LOAD /Applications/ARM/bin/../lib/gcc/arm-none-eabi/9.3.1/thumb/v6-m/nofp/crtbegin.o
LOAD /Applications/ARM/bin/../lib/gcc/arm-none-eabi/9.3.1/../../../../arm-none-eabi/lib/thumb/v6-m/nofp/crt0.o
LOAD build/main.o
LOAD build/gpio.o
LOAD build/adc.o
LOAD build/spi.o
LOAD build/usart.o
LOAD build/buttons.o
LOAD build/stm32l0xx_it.o
LOAD build/stm32l0xx_hal_msp.o
LOAD build/encoder.o
LOAD build/ILI9341_GFX.o
LOAD build/ILI9341_STM32_Driver.o
LOAD build/dac.o
LOAD build/stm32l0xx_hal_adc.o
LOAD build/stm32l0xx_hal_adc_ex.o
LOAD build/stm32l0xx_hal.o
LOAD build/stm32l0xx_hal_i2c.o
LOAD build/stm32l0xx_hal_i2c_ex.o
LOAD build/stm32l0xx_hal_rcc.o
LOAD build/stm32l0xx_hal_rcc_ex.o
LOAD build/stm32l0xx_hal_flash_ramfunc.o
LOAD build/stm32l0xx_hal_flash.o
LOAD build/stm32l0xx_hal_flash_ex.o
LOAD build/stm32l0xx_hal_gpio.o
LOAD build/stm32l0xx_hal_dma.o
LOAD build/stm32l0xx_hal_pwr.o
LOAD build/stm32l0xx_hal_pwr_ex.o
LOAD build/stm32l0xx_hal_cortex.o
LOAD build/stm32l0xx_hal_exti.o
LOAD build/stm32l0xx_hal_spi.o
LOAD build/stm32l0xx_hal_tim.o
LOAD build/stm32l0xx_hal_tim_ex.o
LOAD build/stm32l0xx_hal_uart.o
LOAD build/stm32l0xx_hal_uart_ex.o
LOAD build/system_stm32l0xx.o
LOAD build/dma.o
LOAD build/startup_stm32l041xx.o
LOAD /Applications/ARM/bin/../lib/gcc/arm-none-eabi/9.3.1/../../../../arm-none-eabi/lib/thumb/v6-m/nofp/libc_nano.a
LOAD /Applications/ARM/bin/../lib/gcc/arm-none-eabi/9.3.1/../../../../arm-none-eabi/lib/thumb/v6-m/nofp/libm.a
LOAD /Applications/ARM/bin/../lib/gcc/arm-none-eabi/9.3.1/../../../../arm-none-eabi/lib/thumb/v6-m/nofp/libnosys.a
START GROUP
LOAD /Applications/ARM/bin/../lib/gcc/arm-none-eabi/9.3.1/thumb/v6-m/nofp/libgcc.a
LOAD /Applications/ARM/bin/../lib/gcc/arm-none-eabi/9.3.1/../../../../arm-none-eabi/lib/thumb/v6-m/nofp/libc_nano.a
END GROUP
START GROUP
LOAD /Applications/ARM/bin/../lib/gcc/arm-none-eabi/9.3.1/thumb/v6-m/nofp/libgcc.a
LOAD /Applications/ARM/bin/../lib/gcc/arm-none-eabi/9.3.1/../../../../arm-none-eabi/lib/thumb/v6-m/nofp/libc_nano.a
END GROUP
LOAD /Applications/ARM/bin/../lib/gcc/arm-none-eabi/9.3.1/thumb/v6-m/nofp/crtend.o
LOAD /Applications/ARM/bin/../lib/gcc/arm-none-eabi/9.3.1/thumb/v6-m/nofp/crtn.o
                0x0000000020002000                _estack = 0x20002000
                0x0000000000000200                _Min_Heap_Size = 0x200
                0x0000000000000400                _Min_Stack_Size = 0x400

.isr_vector     0x0000000008000000       0xc0
                0x0000000008000000                . = ALIGN (0x4)
 *(.isr_vector)
 .isr_vector    0x0000000008000000       0xc0 build/startup_stm32l041xx.o
                0x0000000008000000                g_pfnVectors
                0x00000000080000c0                . = ALIGN (0x4)

.text           0x00000000080000c0     0x6368
                0x00000000080000c0                . = ALIGN (0x4)
 *(.text)
 .text          0x00000000080000c0       0x48 /Applications/ARM/bin/../lib/gcc/arm-none-eabi/9.3.1/thumb/v6-m/nofp/crtbegin.o
 .text          0x0000000008000108       0x14 /Applications/ARM/bin/../lib/gcc/arm-none-eabi/9.3.1/thumb/v6-m/nofp/libgcc.a(_thumb1_case_shi.o)
                0x0000000008000108                __gnu_thumb1_case_shi
 .text          0x000000000800011c      0x114 /Applications/ARM/bin/../lib/gcc/arm-none-eabi/9.3.1/thumb/v6-m/nofp/libgcc.a(_udivsi3.o)
                0x000000000800011c                __udivsi3
                0x000000000800011c                __aeabi_uidiv
                0x0000000008000228                __aeabi_uidivmod
 .text          0x0000000008000230        0x4 /Applications/ARM/bin/../lib/gcc/arm-none-eabi/9.3.1/thumb/v6-m/nofp/libgcc.a(_dvmd_tls.o)
                0x0000000008000230                __aeabi_ldiv0
                0x0000000008000230                __aeabi_idiv0
 .text          0x0000000008000234       0x7c /Applications/ARM/bin/../lib/gcc/arm-none-eabi/9.3.1/thumb/v6-m/nofp/libgcc.a(_arm_cmpdf2.o)
                0x0000000008000234                __aeabi_cdrcmple
                0x0000000008000244                __aeabi_cdcmple
                0x0000000008000244                __aeabi_cdcmpeq
                0x0000000008000254                __aeabi_dcmpeq
                0x0000000008000260                __aeabi_dcmplt
                0x0000000008000274                __aeabi_dcmple
                0x0000000008000288                __aeabi_dcmpgt
                0x000000000800029c                __aeabi_dcmpge
 .text          0x00000000080002b0       0x74 /Applications/ARM/bin/../lib/gcc/arm-none-eabi/9.3.1/thumb/v6-m/nofp/libgcc.a(_arm_cmpsf2.o)
                0x00000000080002b0                __aeabi_cfrcmple
                0x00000000080002b8                __aeabi_cfcmple
                0x00000000080002b8                __aeabi_cfcmpeq
                0x00000000080002c8                __aeabi_fcmpeq
                0x00000000080002d4                __aeabi_fcmplt
                0x00000000080002e8                __aeabi_fcmple
                0x00000000080002fc                __aeabi_fcmpgt
                0x0000000008000310                __aeabi_fcmpge
 .text          0x0000000008000324       0x40 /Applications/ARM/bin/../lib/gcc/arm-none-eabi/9.3.1/thumb/v6-m/nofp/libgcc.a(_aeabi_uldivmod.o)
                0x0000000008000324                __aeabi_uldivmod
 .text          0x0000000008000364       0x50 /Applications/ARM/bin/../lib/gcc/arm-none-eabi/9.3.1/thumb/v6-m/nofp/libgcc.a(_muldi3.o)
                0x0000000008000364                __aeabi_lmul
                0x0000000008000364                __muldi3
 .text          0x00000000080003b4       0x30 /Applications/ARM/bin/../lib/gcc/arm-none-eabi/9.3.1/thumb/v6-m/nofp/libgcc.a(_fixunssfsi.o)
                0x00000000080003b4                __aeabi_f2uiz
                0x00000000080003b4                __fixunssfsi
 .text          0x00000000080003e4       0x3c /Applications/ARM/bin/../lib/gcc/arm-none-eabi/9.3.1/thumb/v6-m/nofp/libgcc.a(_fixunsdfsi.o)
                0x00000000080003e4                __fixunsdfsi
                0x00000000080003e4                __aeabi_d2uiz
 .text          0x0000000008000420      0x198 /Applications/ARM/bin/../lib/gcc/arm-none-eabi/9.3.1/thumb/v6-m/nofp/libgcc.a(_udivmoddi4.o)
                0x0000000008000420                __udivmoddi4
 .text          0x00000000080005b8      0x218 /Applications/ARM/bin/../lib/gcc/arm-none-eabi/9.3.1/thumb/v6-m/nofp/libgcc.a(divsf3.o)
                0x00000000080005b8                __aeabi_fdiv
 .text          0x00000000080007d0       0x50 /Applications/ARM/bin/../lib/gcc/arm-none-eabi/9.3.1/thumb/v6-m/nofp/libgcc.a(eqsf2.o)
                0x00000000080007d0                __nesf2
                0x00000000080007d0                __eqsf2
 .text          0x0000000008000820       0x98 /Applications/ARM/bin/../lib/gcc/arm-none-eabi/9.3.1/thumb/v6-m/nofp/libgcc.a(gesf2.o)
                0x0000000008000820                __gtsf2
                0x0000000008000820                __gesf2
 .text          0x00000000080008b8       0x94 /Applications/ARM/bin/../lib/gcc/arm-none-eabi/9.3.1/thumb/v6-m/nofp/libgcc.a(lesf2.o)
                0x00000000080008b8                __lesf2
                0x00000000080008b8                __ltsf2
 .text          0x000000000800094c      0x234 /Applications/ARM/bin/../lib/gcc/arm-none-eabi/9.3.1/thumb/v6-m/nofp/libgcc.a(mulsf3.o)
                0x000000000800094c                __aeabi_fmul
 .text          0x0000000008000b80      0x390 /Applications/ARM/bin/../lib/gcc/arm-none-eabi/9.3.1/thumb/v6-m/nofp/libgcc.a(subsf3.o)
                0x0000000008000b80                __aeabi_fsub
 .text          0x0000000008000f10       0x40 /Applications/ARM/bin/../lib/gcc/arm-none-eabi/9.3.1/thumb/v6-m/nofp/libgcc.a(fixsfsi.o)
                0x0000000008000f10                __aeabi_f2iz
 .text          0x0000000008000f50       0x8c /Applications/ARM/bin/../lib/gcc/arm-none-eabi/9.3.1/thumb/v6-m/nofp/libgcc.a(floatsisf.o)
                0x0000000008000f50                __aeabi_i2f
 .text          0x0000000008000fdc       0x78 /Applications/ARM/bin/../lib/gcc/arm-none-eabi/9.3.1/thumb/v6-m/nofp/libgcc.a(floatunsisf.o)
                0x0000000008000fdc                __aeabi_ui2f
 .text          0x0000000008001054      0x5d0 /Applications/ARM/bin/../lib/gcc/arm-none-eabi/9.3.1/thumb/v6-m/nofp/libgcc.a(divdf3.o)
                0x0000000008001054                __aeabi_ddiv
 .text          0x0000000008001624       0x78 /Applications/ARM/bin/../lib/gcc/arm-none-eabi/9.3.1/thumb/v6-m/nofp/libgcc.a(eqdf2.o)
                0x0000000008001624                __eqdf2
                0x0000000008001624                __nedf2
 .text          0x000000000800169c       0xe4 /Applications/ARM/bin/../lib/gcc/arm-none-eabi/9.3.1/thumb/v6-m/nofp/libgcc.a(gedf2.o)
                0x000000000800169c                __gtdf2
                0x000000000800169c                __gedf2
 .text          0x0000000008001780       0xe0 /Applications/ARM/bin/../lib/gcc/arm-none-eabi/9.3.1/thumb/v6-m/nofp/libgcc.a(ledf2.o)
                0x0000000008001780                __ltdf2
                0x0000000008001780                __ledf2
 .text          0x0000000008001860      0x4d8 /Applications/ARM/bin/../lib/gcc/arm-none-eabi/9.3.1/thumb/v6-m/nofp/libgcc.a(muldf3.o)
                0x0000000008001860                __aeabi_dmul
 .text          0x0000000008001d38      0x724 /Applications/ARM/bin/../lib/gcc/arm-none-eabi/9.3.1/thumb/v6-m/nofp/libgcc.a(subdf3.o)
                0x0000000008001d38                __aeabi_dsub
 .text          0x000000000800245c       0x6c /Applications/ARM/bin/../lib/gcc/arm-none-eabi/9.3.1/thumb/v6-m/nofp/libgcc.a(fixdfsi.o)
                0x000000000800245c                __aeabi_d2iz
 .text          0x00000000080024c8       0x60 /Applications/ARM/bin/../lib/gcc/arm-none-eabi/9.3.1/thumb/v6-m/nofp/libgcc.a(floatsidf.o)
                0x00000000080024c8                __aeabi_i2d
 .text          0x0000000008002528       0x90 /Applications/ARM/bin/../lib/gcc/arm-none-eabi/9.3.1/thumb/v6-m/nofp/libgcc.a(extendsfdf2.o)
                0x0000000008002528                __aeabi_f2d
 .text          0x00000000080025b8      0x110 /Applications/ARM/bin/../lib/gcc/arm-none-eabi/9.3.1/thumb/v6-m/nofp/libgcc.a(truncdfsf2.o)
                0x00000000080025b8                __aeabi_d2f
 .text          0x00000000080026c8       0x3c /Applications/ARM/bin/../lib/gcc/arm-none-eabi/9.3.1/thumb/v6-m/nofp/libgcc.a(_clzsi2.o)
                0x00000000080026c8                __clzsi2
 .text          0x0000000008002704       0x18 /Applications/ARM/bin/../lib/gcc/arm-none-eabi/9.3.1/thumb/v6-m/nofp/libgcc.a(_clzdi2.o)
                0x0000000008002704                __clzdi2
 *(.text*)
 .text.displayInfo
                0x000000000800271c      0x1b0 build/main.o
                0x000000000800271c                displayInfo
 .text.Error_Handler
                0x00000000080028cc        0x4 build/main.o
                0x00000000080028cc                Error_Handler
 .text.SystemClock_Config
                0x00000000080028d0       0x94 build/main.o
                0x00000000080028d0                SystemClock_Config
 .text.main     0x0000000008002964      0x1d8 build/main.o
                0x0000000008002964                main
 .text.MX_GPIO_Init
                0x0000000008002b3c       0xc8 build/gpio.o
                0x0000000008002b3c                MX_GPIO_Init
 .text.GPIO_InitLCD
                0x0000000008002c04       0x7c build/gpio.o
                0x0000000008002c04                GPIO_InitLCD
 .text.MX_ADC_Init
                0x0000000008002c80       0xb8 build/adc.o
                0x0000000008002c80                MX_ADC_Init
 .text.HAL_ADC_MspInit
                0x0000000008002d38       0xb4 build/adc.o
                0x0000000008002d38                HAL_ADC_MspInit
 .text.HAL_ADC_getInstance
                0x0000000008002dec        0x8 build/adc.o
                0x0000000008002dec                HAL_ADC_getInstance
 .text.ADC_readChannel
                0x0000000008002df4       0x3c build/adc.o
                0x0000000008002df4                ADC_readChannel
 .text.MX_SPI1_Init
                0x0000000008002e30       0x44 build/spi.o
                0x0000000008002e30                MX_SPI1_Init
 .text.HAL_SPI_MspInit
                0x0000000008002e74       0x60 build/spi.o
                0x0000000008002e74                HAL_SPI_MspInit
 .text.SPI_getInstance
                0x0000000008002ed4        0x8 build/spi.o
                0x0000000008002ed4                SPI_getInstance
 .text.MX_USART2_UART_Init
                0x0000000008002edc       0x3c build/usart.o
                0x0000000008002edc                MX_USART2_UART_Init
 .text.HAL_UART_MspInit
                0x0000000008002f18       0x60 build/usart.o
                0x0000000008002f18                HAL_UART_MspInit
 .text.HAL_UART_MspDeInit
                0x0000000008002f78       0x30 build/usart.o
                0x0000000008002f78                HAL_UART_MspDeInit
 .text.UART_getInstance
                0x0000000008002fa8       0x10 build/usart.o
                0x0000000008002fa8                UART_getInstance
 .text.BUTTONS_init
                0x0000000008002fb8       0x30 build/buttons.o
                0x0000000008002fb8                BUTTONS_init
 .text.BUTTONS_update
                0x0000000008002fe8      0x100 build/buttons.o
                0x0000000008002fe8                BUTTONS_update
 .text.NMI_Handler
                0x00000000080030e8        0x2 build/stm32l0xx_it.o
                0x00000000080030e8                NMI_Handler
 .text.HardFault_Handler
                0x00000000080030ea        0x2 build/stm32l0xx_it.o
                0x00000000080030ea                HardFault_Handler
 .text.SVC_Handler
                0x00000000080030ec        0x2 build/stm32l0xx_it.o
                0x00000000080030ec                SVC_Handler
 .text.PendSV_Handler
                0x00000000080030ee        0x2 build/stm32l0xx_it.o
                0x00000000080030ee                PendSV_Handler
 .text.SysTick_Handler
                0x00000000080030f0        0x8 build/stm32l0xx_it.o
                0x00000000080030f0                SysTick_Handler
 .text.EXTI4_15_IRQHandler
                0x00000000080030f8       0x14 build/stm32l0xx_it.o
                0x00000000080030f8                EXTI4_15_IRQHandler
 .text.DMA1_Channel1_IRQHandler
                0x000000000800310c       0x10 build/stm32l0xx_it.o
                0x000000000800310c                DMA1_Channel1_IRQHandler
 .text.HAL_MspInit
                0x000000000800311c       0x1c build/stm32l0xx_hal_msp.o
                0x000000000800311c                HAL_MspInit
 .text._ENCODER_clampValue
                0x0000000008003138       0x30 build/encoder.o
 .text.ENCODER_init
                0x0000000008003168       0x68 build/encoder.o
                0x0000000008003168                ENCODER_init
 .text.ENCODER_getValue
                0x00000000080031d0        0xc build/encoder.o
                0x00000000080031d0                ENCODER_getValue
 .text.ENCODER_setValue
                0x00000000080031dc       0x10 build/encoder.o
                0x00000000080031dc                ENCODER_setValue
 .text.HAL_GPIO_EXTI_Callback
                0x00000000080031ec       0x84 build/encoder.o
                0x00000000080031ec                HAL_GPIO_EXTI_Callback
 .text.ILI9341_Draw_Char
                0x0000000008003270       0xc0 build/ILI9341_GFX.o
                0x0000000008003270                ILI9341_Draw_Char
 .text.ILI9341_Draw_Text
                0x0000000008003330       0x6a build/ILI9341_GFX.o
                0x0000000008003330                ILI9341_Draw_Text
 .text.ILI9341_SPI_Init
                0x000000000800339a       0x18 build/ILI9341_STM32_Driver.o
                0x000000000800339a                ILI9341_SPI_Init
 *fill*         0x00000000080033b2        0x2 
 .text.ILI9341_SPI_Send
                0x00000000080033b4       0x1c build/ILI9341_STM32_Driver.o
                0x00000000080033b4                ILI9341_SPI_Send
 .text.ILI9341_Write_Command
                0x00000000080033d0       0x2e build/ILI9341_STM32_Driver.o
                0x00000000080033d0                ILI9341_Write_Command
 .text.ILI9341_Write_Data
                0x00000000080033fe       0x2e build/ILI9341_STM32_Driver.o
                0x00000000080033fe                ILI9341_Write_Data
 .text.ILI9341_Set_Address
                0x000000000800342c       0x4e build/ILI9341_STM32_Driver.o
                0x000000000800342c                ILI9341_Set_Address
 .text.ILI9341_Reset
                0x000000000800347a       0x36 build/ILI9341_STM32_Driver.o
                0x000000000800347a                ILI9341_Reset
 .text.ILI9341_Set_Rotation
                0x00000000080034b0       0x80 build/ILI9341_STM32_Driver.o
                0x00000000080034b0                ILI9341_Set_Rotation
 .text.ILI9341_Enable
                0x0000000008003530       0x12 build/ILI9341_STM32_Driver.o
                0x0000000008003530                ILI9341_Enable
 .text.ILI9341_Init
                0x0000000008003542      0x216 build/ILI9341_STM32_Driver.o
                0x0000000008003542                ILI9341_Init
 .text.ILI9341_Draw_Colour_Burst
                0x0000000008003758       0xac build/ILI9341_STM32_Driver.o
                0x0000000008003758                ILI9341_Draw_Colour_Burst
 .text.ILI9341_Fill_Screen
                0x0000000008003804       0x30 build/ILI9341_STM32_Driver.o
                0x0000000008003804                ILI9341_Fill_Screen
 .text.ILI9341_Draw_Pixel
                0x0000000008003834      0x14c build/ILI9341_STM32_Driver.o
                0x0000000008003834                ILI9341_Draw_Pixel
 .text.ILI9341_Draw_Rectangle
                0x0000000008003980       0x70 build/ILI9341_STM32_Driver.o
                0x0000000008003980                ILI9341_Draw_Rectangle
 .text.DAC_init
                0x00000000080039f0       0x10 build/dac.o
                0x00000000080039f0                DAC_init
 .text.DAC_setRaw
                0x0000000008003a00       0x40 build/dac.o
                0x0000000008003a00                DAC_setRaw
 .text.DAC_volts2Raw
                0x0000000008003a40       0x54 build/dac.o
                0x0000000008003a40                DAC_volts2Raw
 .text.DAC_setVolts
                0x0000000008003a94        0xc build/dac.o
                0x0000000008003a94                DAC_setVolts
 .text.ADC_DelayMicroSecond
                0x0000000008003aa0       0x30 build/stm32l0xx_hal_adc.o
 .text.ADC_ConversionStop
                0x0000000008003ad0       0x5c build/stm32l0xx_hal_adc.o
 .text.ADC_Disable
                0x0000000008003b2c       0x82 build/stm32l0xx_hal_adc.o
 *fill*         0x0000000008003bae        0x2 
 .text.ADC_Enable
                0x0000000008003bb0       0x80 build/stm32l0xx_hal_adc.o
 .text.HAL_ADC_Init
                0x0000000008003c30      0x1ec build/stm32l0xx_hal_adc.o
                0x0000000008003c30                HAL_ADC_Init
 .text.HAL_ADC_PollForConversion
                0x0000000008003e1c       0xcc build/stm32l0xx_hal_adc.o
                0x0000000008003e1c                HAL_ADC_PollForConversion
 .text.HAL_ADC_Start_DMA
                0x0000000008003ee8       0xa4 build/stm32l0xx_hal_adc.o
                0x0000000008003ee8                HAL_ADC_Start_DMA
 .text.HAL_ADC_Stop_DMA
                0x0000000008003f8c       0x84 build/stm32l0xx_hal_adc.o
                0x0000000008003f8c                HAL_ADC_Stop_DMA
 .text.HAL_ADC_ConvCpltCallback
                0x0000000008004010        0x2 build/stm32l0xx_hal_adc.o
                0x0000000008004010                HAL_ADC_ConvCpltCallback
 *fill*         0x0000000008004012        0x2 
 .text.ADC_DMAConvCplt
                0x0000000008004014       0x74 build/stm32l0xx_hal_adc.o
 .text.HAL_ADC_ConvHalfCpltCallback
                0x0000000008004088        0x2 build/stm32l0xx_hal_adc.o
                0x0000000008004088                HAL_ADC_ConvHalfCpltCallback
 .text.ADC_DMAHalfConvCplt
                0x000000000800408a        0xa build/stm32l0xx_hal_adc.o
 .text.HAL_ADC_ErrorCallback
                0x0000000008004094        0x2 build/stm32l0xx_hal_adc.o
                0x0000000008004094                HAL_ADC_ErrorCallback
 .text.ADC_DMAError
                0x0000000008004096       0x1a build/stm32l0xx_hal_adc.o
 .text.HAL_ADC_ConfigChannel
                0x00000000080040b0       0xbc build/stm32l0xx_hal_adc.o
                0x00000000080040b0                HAL_ADC_ConfigChannel
 .text.HAL_ADCEx_Calibration_Start
                0x000000000800416c       0xb0 build/stm32l0xx_hal_adc_ex.o
                0x000000000800416c                HAL_ADCEx_Calibration_Start
 .text.HAL_InitTick
                0x000000000800421c       0x50 build/stm32l0xx_hal.o
                0x000000000800421c                HAL_InitTick
 .text.HAL_Init
                0x000000000800426c       0x28 build/stm32l0xx_hal.o
                0x000000000800426c                HAL_Init
 .text.HAL_IncTick
                0x0000000008004294       0x18 build/stm32l0xx_hal.o
                0x0000000008004294                HAL_IncTick
 .text.HAL_GetTick
                0x00000000080042ac        0xc build/stm32l0xx_hal.o
                0x00000000080042ac                HAL_GetTick
 .text.HAL_Delay
                0x00000000080042b8       0x24 build/stm32l0xx_hal.o
                0x00000000080042b8                HAL_Delay
 .text.HAL_RCC_GetSysClockFreq
                0x00000000080042dc       0xb0 build/stm32l0xx_hal_rcc.o
                0x00000000080042dc                HAL_RCC_GetSysClockFreq
 .text.HAL_RCC_OscConfig
                0x000000000800438c      0x51c build/stm32l0xx_hal_rcc.o
                0x000000000800438c                HAL_RCC_OscConfig
 .text.HAL_RCC_ClockConfig
                0x00000000080048a8      0x1d8 build/stm32l0xx_hal_rcc.o
                0x00000000080048a8                HAL_RCC_ClockConfig
 .text.HAL_RCC_GetHCLKFreq
                0x0000000008004a80        0xc build/stm32l0xx_hal_rcc.o
                0x0000000008004a80                HAL_RCC_GetHCLKFreq
 .text.HAL_RCC_GetPCLK1Freq
                0x0000000008004a8c       0x20 build/stm32l0xx_hal_rcc.o
                0x0000000008004a8c                HAL_RCC_GetPCLK1Freq
 .text.HAL_RCC_GetPCLK2Freq
                0x0000000008004aac       0x20 build/stm32l0xx_hal_rcc.o
                0x0000000008004aac                HAL_RCC_GetPCLK2Freq
 .text.HAL_RCCEx_PeriphCLKConfig
                0x0000000008004acc      0x19c build/stm32l0xx_hal_rcc_ex.o
                0x0000000008004acc                HAL_RCCEx_PeriphCLKConfig
 .text.HAL_GPIO_Init
                0x0000000008004c68      0x180 build/stm32l0xx_hal_gpio.o
                0x0000000008004c68                HAL_GPIO_Init
 .text.HAL_GPIO_DeInit
                0x0000000008004de8       0xf4 build/stm32l0xx_hal_gpio.o
                0x0000000008004de8                HAL_GPIO_DeInit
 .text.HAL_GPIO_ReadPin
                0x0000000008004edc        0xe build/stm32l0xx_hal_gpio.o
                0x0000000008004edc                HAL_GPIO_ReadPin
 .text.HAL_GPIO_WritePin
                0x0000000008004eea        0xc build/stm32l0xx_hal_gpio.o
                0x0000000008004eea                HAL_GPIO_WritePin
 *fill*         0x0000000008004ef6        0x2 
 .text.HAL_GPIO_EXTI_IRQHandler
                0x0000000008004ef8       0x1c build/stm32l0xx_hal_gpio.o
                0x0000000008004ef8                HAL_GPIO_EXTI_IRQHandler
 .text.DMA_SetConfig
                0x0000000008004f14       0x2e build/stm32l0xx_hal_dma.o
 *fill*         0x0000000008004f42        0x2 
 .text.HAL_DMA_Init
                0x0000000008004f44       0x98 build/stm32l0xx_hal_dma.o
                0x0000000008004f44                HAL_DMA_Init
 .text.HAL_DMA_Start_IT
                0x0000000008004fdc       0x76 build/stm32l0xx_hal_dma.o
                0x0000000008004fdc                HAL_DMA_Start_IT
 .text.HAL_DMA_Abort
                0x0000000008005052       0x48 build/stm32l0xx_hal_dma.o
                0x0000000008005052                HAL_DMA_Abort
 .text.HAL_DMA_IRQHandler
                0x000000000800509a       0xba build/stm32l0xx_hal_dma.o
                0x000000000800509a                HAL_DMA_IRQHandler
 .text.HAL_NVIC_SetPriority
                0x0000000008005154       0x60 build/stm32l0xx_hal_cortex.o
                0x0000000008005154                HAL_NVIC_SetPriority
 .text.HAL_NVIC_EnableIRQ
                0x00000000080051b4       0x18 build/stm32l0xx_hal_cortex.o
                0x00000000080051b4                HAL_NVIC_EnableIRQ
 .text.HAL_SYSTICK_Config
                0x00000000080051cc       0x38 build/stm32l0xx_hal_cortex.o
                0x00000000080051cc                HAL_SYSTICK_Config
 .text.SPI_WaitFlagStateUntilTimeout
                0x0000000008005204       0xe8 build/stm32l0xx_hal_spi.o
 .text.SPI_EndRxTxTransaction
                0x00000000080052ec       0x70 build/stm32l0xx_hal_spi.o
 .text.HAL_SPI_Init
                0x000000000800535c       0xbe build/stm32l0xx_hal_spi.o
                0x000000000800535c                HAL_SPI_Init
 .text.HAL_SPI_Transmit
                0x000000000800541a      0x1ae build/stm32l0xx_hal_spi.o
                0x000000000800541a                HAL_SPI_Transmit
 .text.UART_SetConfig
                0x00000000080055c8      0x268 build/stm32l0xx_hal_uart.o
                0x00000000080055c8                UART_SetConfig
 .text.UART_AdvFeatureConfig
                0x0000000008005830       0xe0 build/stm32l0xx_hal_uart.o
                0x0000000008005830                UART_AdvFeatureConfig
 .text.UART_WaitOnFlagUntilTimeout
                0x0000000008005910       0xdc build/stm32l0xx_hal_uart.o
                0x0000000008005910                UART_WaitOnFlagUntilTimeout
 .text.UART_CheckIdleState
                0x00000000080059ec       0x70 build/stm32l0xx_hal_uart.o
                0x00000000080059ec                UART_CheckIdleState
 .text.HAL_UART_Init
                0x0000000008005a5c       0x6c build/stm32l0xx_hal_uart.o
                0x0000000008005a5c                HAL_UART_Init
 .text.SystemInit
                0x0000000008005ac8        0x2 build/system_stm32l0xx.o
                0x0000000008005ac8                SystemInit
 *fill*         0x0000000008005aca        0x2 
 .text.MX_DMA_Init
                0x0000000008005acc       0x30 build/dma.o
                0x0000000008005acc                MX_DMA_Init
 .text.Reset_Handler
                0x0000000008005afc       0x50 build/startup_stm32l041xx.o
                0x0000000008005afc                Reset_Handler
 .text.Default_Handler
                0x0000000008005b4c        0x2 build/startup_stm32l041xx.o
                0x0000000008005b4c                LPTIM1_IRQHandler
                0x0000000008005b4c                PVD_IRQHandler
                0x0000000008005b4c                I2C1_IRQHandler
                0x0000000008005b4c                SPI1_IRQHandler
                0x0000000008005b4c                EXTI2_3_IRQHandler
                0x0000000008005b4c                AES_LPUART1_IRQHandler
                0x0000000008005b4c                RTC_IRQHandler
                0x0000000008005b4c                DMA1_Channel4_5_6_7_IRQHandler
                0x0000000008005b4c                RCC_IRQHandler
                0x0000000008005b4c                Default_Handler
                0x0000000008005b4c                TIM22_IRQHandler
                0x0000000008005b4c                EXTI0_1_IRQHandler
                0x0000000008005b4c                TIM21_IRQHandler
                0x0000000008005b4c                WWDG_IRQHandler
                0x0000000008005b4c                TIM2_IRQHandler
                0x0000000008005b4c                DMA1_Channel2_3_IRQHandler
                0x0000000008005b4c                USART2_IRQHandler
                0x0000000008005b4c                FLASH_IRQHandler
                0x0000000008005b4c                ADC1_COMP_IRQHandler
 *fill*         0x0000000008005b4e        0x2 
 .text.__libc_init_array
                0x0000000008005b50       0x48 /Applications/ARM/bin/../lib/gcc/arm-none-eabi/9.3.1/../../../../arm-none-eabi/lib/thumb/v6-m/nofp/libc_nano.a(lib_a-init.o)
                0x0000000008005b50                __libc_init_array
 .text.memcpy   0x0000000008005b98       0x12 /Applications/ARM/bin/../lib/gcc/arm-none-eabi/9.3.1/../../../../arm-none-eabi/lib/thumb/v6-m/nofp/libc_nano.a(lib_a-memcpy-stub.o)
                0x0000000008005b98                memcpy
 .text.memset   0x0000000008005baa       0x10 /Applications/ARM/bin/../lib/gcc/arm-none-eabi/9.3.1/../../../../arm-none-eabi/lib/thumb/v6-m/nofp/libc_nano.a(lib_a-memset.o)
                0x0000000008005baa                memset
 *fill*         0x0000000008005bba        0x2 
 .text.sprintf  0x0000000008005bbc       0x40 /Applications/ARM/bin/../lib/gcc/arm-none-eabi/9.3.1/../../../../arm-none-eabi/lib/thumb/v6-m/nofp/libc_nano.a(lib_a-sprintf.o)
                0x0000000008005bbc                sprintf
                0x0000000008005bbc                siprintf
 .text.__ssputs_r
                0x0000000008005bfc       0xc4 /Applications/ARM/bin/../lib/gcc/arm-none-eabi/9.3.1/../../../../arm-none-eabi/lib/thumb/v6-m/nofp/libc_nano.a(lib_a-nano-svfprintf.o)
                0x0000000008005bfc                __ssputs_r
 .text._svfprintf_r
                0x0000000008005cc0      0x200 /Applications/ARM/bin/../lib/gcc/arm-none-eabi/9.3.1/../../../../arm-none-eabi/lib/thumb/v6-m/nofp/libc_nano.a(lib_a-nano-svfprintf.o)
                0x0000000008005cc0                _svfprintf_r
                0x0000000008005cc0                _svfiprintf_r
 .text._printf_common
                0x0000000008005ec0       0xde /Applications/ARM/bin/../lib/gcc/arm-none-eabi/9.3.1/../../../../arm-none-eabi/lib/thumb/v6-m/nofp/libc_nano.a(lib_a-nano-vfprintf_i.o)
                0x0000000008005ec0                _printf_common
 *fill*         0x0000000008005f9e        0x2 
 .text._printf_i
                0x0000000008005fa0      0x224 /Applications/ARM/bin/../lib/gcc/arm-none-eabi/9.3.1/../../../../arm-none-eabi/lib/thumb/v6-m/nofp/libc_nano.a(lib_a-nano-vfprintf_i.o)
                0x0000000008005fa0                _printf_i
 .text.memchr   0x00000000080061c4       0x16 /Applications/ARM/bin/../lib/gcc/arm-none-eabi/9.3.1/../../../../arm-none-eabi/lib/thumb/v6-m/nofp/libc_nano.a(lib_a-memchr-stub.o)
                0x00000000080061c4                memchr
 .text.memmove  0x00000000080061da       0x26 /Applications/ARM/bin/../lib/gcc/arm-none-eabi/9.3.1/../../../../arm-none-eabi/lib/thumb/v6-m/nofp/libc_nano.a(lib_a-memmove.o)
                0x00000000080061da                memmove
 .text._free_r  0x0000000008006200       0x94 /Applications/ARM/bin/../lib/gcc/arm-none-eabi/9.3.1/../../../../arm-none-eabi/lib/thumb/v6-m/nofp/libc_nano.a(lib_a-nano-freer.o)
                0x0000000008006200                _free_r
 .text._malloc_r
                0x0000000008006294       0xbc /Applications/ARM/bin/../lib/gcc/arm-none-eabi/9.3.1/../../../../arm-none-eabi/lib/thumb/v6-m/nofp/libc_nano.a(lib_a-nano-mallocr.o)
                0x0000000008006294                _malloc_r
 .text._realloc_r
                0x0000000008006350       0x4c /Applications/ARM/bin/../lib/gcc/arm-none-eabi/9.3.1/../../../../arm-none-eabi/lib/thumb/v6-m/nofp/libc_nano.a(lib_a-nano-reallocr.o)
                0x0000000008006350                _realloc_r
 .text._sbrk_r  0x000000000800639c       0x24 /Applications/ARM/bin/../lib/gcc/arm-none-eabi/9.3.1/../../../../arm-none-eabi/lib/thumb/v6-m/nofp/libc_nano.a(lib_a-sbrkr.o)
                0x000000000800639c                _sbrk_r
 .text.__malloc_lock
                0x00000000080063c0       0x10 /Applications/ARM/bin/../lib/gcc/arm-none-eabi/9.3.1/../../../../arm-none-eabi/lib/thumb/v6-m/nofp/libc_nano.a(lib_a-mlock.o)
                0x00000000080063c0                __malloc_lock
 .text.__malloc_unlock
                0x00000000080063d0       0x10 /Applications/ARM/bin/../lib/gcc/arm-none-eabi/9.3.1/../../../../arm-none-eabi/lib/thumb/v6-m/nofp/libc_nano.a(lib_a-mlock.o)
                0x00000000080063d0                __malloc_unlock
 .text._malloc_usable_size_r
                0x00000000080063e0       0x10 /Applications/ARM/bin/../lib/gcc/arm-none-eabi/9.3.1/../../../../arm-none-eabi/lib/thumb/v6-m/nofp/libc_nano.a(lib_a-nano-msizer.o)
                0x00000000080063e0                _malloc_usable_size_r
 .text.__retarget_lock_acquire_recursive
                0x00000000080063f0        0x2 /Applications/ARM/bin/../lib/gcc/arm-none-eabi/9.3.1/../../../../arm-none-eabi/lib/thumb/v6-m/nofp/libc_nano.a(lib_a-lock.o)
                0x00000000080063f0                __retarget_lock_acquire_recursive
 .text.__retarget_lock_release_recursive
                0x00000000080063f2        0x2 /Applications/ARM/bin/../lib/gcc/arm-none-eabi/9.3.1/../../../../arm-none-eabi/lib/thumb/v6-m/nofp/libc_nano.a(lib_a-lock.o)
                0x00000000080063f2                __retarget_lock_release_recursive
 .text._sbrk    0x00000000080063f4       0x1c /Applications/ARM/bin/../lib/gcc/arm-none-eabi/9.3.1/../../../../arm-none-eabi/lib/thumb/v6-m/nofp/libnosys.a(sbrk.o)
                0x00000000080063f4                _sbrk
 *(.glue_7)
 .glue_7        0x0000000008006410        0x0 linker stubs
 *(.glue_7t)
 .glue_7t       0x0000000008006410        0x0 linker stubs
 *(.eh_frame)
 .eh_frame      0x0000000008006410        0x0 /Applications/ARM/bin/../lib/gcc/arm-none-eabi/9.3.1/thumb/v6-m/nofp/crtbegin.o
 *(.init)
 .init          0x0000000008006410        0x4 /Applications/ARM/bin/../lib/gcc/arm-none-eabi/9.3.1/thumb/v6-m/nofp/crti.o
                0x0000000008006410                _init
 .init          0x0000000008006414        0x8 /Applications/ARM/bin/../lib/gcc/arm-none-eabi/9.3.1/thumb/v6-m/nofp/crtn.o
 *(.fini)
 .fini          0x000000000800641c        0x4 /Applications/ARM/bin/../lib/gcc/arm-none-eabi/9.3.1/thumb/v6-m/nofp/crti.o
                0x000000000800641c                _fini
 .fini          0x0000000008006420        0x8 /Applications/ARM/bin/../lib/gcc/arm-none-eabi/9.3.1/thumb/v6-m/nofp/crtn.o
                0x0000000008006428                . = ALIGN (0x4)
                0x0000000008006428                _etext = .

.vfp11_veneer   0x0000000008006428        0x0
 .vfp11_veneer  0x0000000008006428        0x0 linker stubs

.v4_bx          0x0000000008006428        0x0
 .v4_bx         0x0000000008006428        0x0 linker stubs

.iplt           0x0000000008006428        0x0
 .iplt          0x0000000008006428        0x0 /Applications/ARM/bin/../lib/gcc/arm-none-eabi/9.3.1/thumb/v6-m/nofp/crtbegin.o

.rodata         0x0000000008006428      0x488
                0x0000000008006428                . = ALIGN (0x4)
 *(.rodata)
 .rodata        0x0000000008006428       0x80 /Applications/ARM/bin/../lib/gcc/arm-none-eabi/9.3.1/thumb/v6-m/nofp/libgcc.a(divsf3.o)
 .rodata        0x00000000080064a8       0x40 /Applications/ARM/bin/../lib/gcc/arm-none-eabi/9.3.1/thumb/v6-m/nofp/libgcc.a(mulsf3.o)
 .rodata        0x00000000080064e8       0x40 /Applications/ARM/bin/../lib/gcc/arm-none-eabi/9.3.1/thumb/v6-m/nofp/libgcc.a(divdf3.o)
 .rodata        0x0000000008006528       0x40 /Applications/ARM/bin/../lib/gcc/arm-none-eabi/9.3.1/thumb/v6-m/nofp/libgcc.a(muldf3.o)
 *(.rodata*)
 .rodata.displayInfo.str1.4
                0x0000000008006568       0x25 build/main.o
 *fill*         0x000000000800658d        0x3 
 .rodata.main.str1.4
                0x0000000008006590       0x1e build/main.o
 *fill*         0x00000000080065ae        0x2 
 .rodata.ADC_BUTTON_THRESHOLDS
                0x00000000080065b0       0x1c build/buttons.o
                0x00000000080065b0                ADC_BUTTON_THRESHOLDS
 .rodata.ADC_VAL_BUTTON_MAP
                0x00000000080065cc        0x7 build/buttons.o
                0x00000000080065cc                ADC_VAL_BUTTON_MAP
 *fill*         0x00000000080065d3        0x1 
 .rodata.font   0x00000000080065d4      0x240 build/ILI9341_GFX.o
 .rodata.UART_SetConfig
                0x0000000008006814       0x48 build/stm32l0xx_hal_uart.o
 .rodata.AHBPrescTable
                0x000000000800685c       0x10 build/system_stm32l0xx.o
                0x000000000800685c                AHBPrescTable
 .rodata.APBPrescTable
                0x000000000800686c        0x8 build/system_stm32l0xx.o
                0x000000000800686c                APBPrescTable
 .rodata.PLLMulTable
                0x0000000008006874        0x9 build/system_stm32l0xx.o
                0x0000000008006874                PLLMulTable
 .rodata._svfprintf_r.str1.1
                0x000000000800687d       0x11 /Applications/ARM/bin/../lib/gcc/arm-none-eabi/9.3.1/../../../../arm-none-eabi/lib/thumb/v6-m/nofp/libc_nano.a(lib_a-nano-svfprintf.o)
 .rodata._printf_i.str1.1
                0x000000000800688e       0x22 /Applications/ARM/bin/../lib/gcc/arm-none-eabi/9.3.1/../../../../arm-none-eabi/lib/thumb/v6-m/nofp/libc_nano.a(lib_a-nano-vfprintf_i.o)
                0x00000000080068b0                . = ALIGN (0x4)

.ARM.extab
 *(.ARM.extab* .gnu.linkonce.armextab.*)

.ARM            0x00000000080068b0        0x8
                0x00000000080068b0                __exidx_start = .
 *(.ARM.exidx*)
 .ARM.exidx     0x00000000080068b0        0x8 /Applications/ARM/bin/../lib/gcc/arm-none-eabi/9.3.1/thumb/v6-m/nofp/libgcc.a(_udivmoddi4.o)
                0x00000000080068b8                __exidx_end = .

.rel.dyn        0x00000000080068b8        0x0
 .rel.iplt      0x00000000080068b8        0x0 /Applications/ARM/bin/../lib/gcc/arm-none-eabi/9.3.1/thumb/v6-m/nofp/crtbegin.o

.preinit_array  0x00000000080068b8        0x0
                0x00000000080068b8                PROVIDE (__preinit_array_start = .)
 *(.preinit_array*)
                0x00000000080068b8                PROVIDE (__preinit_array_end = .)

.init_array     0x00000000080068b8        0x4
                0x00000000080068b8                PROVIDE (__init_array_start = .)
 *(SORT_BY_NAME(.init_array.*))
 *(.init_array*)
 .init_array    0x00000000080068b8        0x4 /Applications/ARM/bin/../lib/gcc/arm-none-eabi/9.3.1/thumb/v6-m/nofp/crtbegin.o
                0x00000000080068bc                PROVIDE (__init_array_end = .)

.fini_array     0x00000000080068bc        0x4
                [!provide]                        PROVIDE (__fini_array_start = .)
 *(SORT_BY_NAME(.fini_array.*))
 *(.fini_array*)
 .fini_array    0x00000000080068bc        0x4 /Applications/ARM/bin/../lib/gcc/arm-none-eabi/9.3.1/thumb/v6-m/nofp/crtbegin.o
                [!provide]                        PROVIDE (__fini_array_end = .)
                0x00000000080068c0                _sidata = LOADADDR (.data)

.data           0x0000000020000000       0x78 load address 0x00000000080068c0
                0x0000000020000000                . = ALIGN (0x4)
                0x0000000020000000                _sdata = .
 *(.data)
 *(.data*)
 .data.output_on_last.7357
                0x0000000020000000        0x4 build/main.o
 .data.LCD_HEIGHT
                0x0000000020000004        0x2 build/ILI9341_STM32_Driver.o
                0x0000000020000004                LCD_HEIGHT
 .data.LCD_WIDTH
                0x0000000020000006        0x2 build/ILI9341_STM32_Driver.o
                0x0000000020000006                LCD_WIDTH
 .data.uwTickFreq
                0x0000000020000008        0x1 build/stm32l0xx_hal.o
                0x0000000020000008                uwTickFreq
 *fill*         0x0000000020000009        0x3 
 .data.uwTickPrio
                0x000000002000000c        0x4 build/stm32l0xx_hal.o
                0x000000002000000c                uwTickPrio
 .data.SystemCoreClock
                0x0000000020000010        0x4 build/system_stm32l0xx.o
                0x0000000020000010                SystemCoreClock
 .data._impure_ptr
                0x0000000020000014        0x4 /Applications/ARM/bin/../lib/gcc/arm-none-eabi/9.3.1/../../../../arm-none-eabi/lib/thumb/v6-m/nofp/libc_nano.a(lib_a-impure.o)
                0x0000000020000014                _impure_ptr
 .data.impure_data
                0x0000000020000018       0x60 /Applications/ARM/bin/../lib/gcc/arm-none-eabi/9.3.1/../../../../arm-none-eabi/lib/thumb/v6-m/nofp/libc_nano.a(lib_a-impure.o)
                0x0000000020000078                . = ALIGN (0x4)
                0x0000000020000078                _edata = .

.igot.plt       0x0000000020000078        0x0 load address 0x0000000008006938
 .igot.plt      0x0000000020000078        0x0 /Applications/ARM/bin/../lib/gcc/arm-none-eabi/9.3.1/thumb/v6-m/nofp/crtbegin.o
                0x0000000020000078                . = ALIGN (0x4)

.bss            0x0000000020000078      0x208 load address 0x0000000008006938
                0x0000000020000078                _sbss = .
                0x0000000020000078                __bss_start__ = _sbss
 *(.bss)
 .bss           0x0000000020000078       0x1c /Applications/ARM/bin/../lib/gcc/arm-none-eabi/9.3.1/thumb/v6-m/nofp/crtbegin.o
 *(.bss*)
 .bss.imes_strbuff_last.7359
                0x0000000020000094        0x6 build/main.o
 *fill*         0x000000002000009a        0x2 
 .bss.iset_strbuff_last.7360
                0x000000002000009c        0x6 build/main.o
 *fill*         0x00000000200000a2        0x2 
 .bss.range_last.7358
                0x00000000200000a4        0x4 build/main.o
 .bss.adc_buffer
                0x00000000200000a8        0x6 build/adc.o
                0x00000000200000a8                adc_buffer
 *fill*         0x00000000200000ae        0x2 
 .bss.__malloc_free_list
                0x00000000200000b0        0x4 /Applications/ARM/bin/../lib/gcc/arm-none-eabi/9.3.1/../../../../arm-none-eabi/lib/thumb/v6-m/nofp/libc_nano.a(lib_a-nano-mallocr.o)
                0x00000000200000b0                __malloc_free_list
 .bss.__malloc_sbrk_start
                0x00000000200000b4        0x4 /Applications/ARM/bin/../lib/gcc/arm-none-eabi/9.3.1/../../../../arm-none-eabi/lib/thumb/v6-m/nofp/libc_nano.a(lib_a-nano-mallocr.o)
                0x00000000200000b4                __malloc_sbrk_start
 .bss.heap_end.4144
                0x00000000200000b8        0x4 /Applications/ARM/bin/../lib/gcc/arm-none-eabi/9.3.1/../../../../arm-none-eabi/lib/thumb/v6-m/nofp/libnosys.a(sbrk.o)
 *(COMMON)
 COMMON         0x00000000200000bc       0xa4 build/adc.o
                0x00000000200000bc                hdma_adc
                0x0000000020000104                hadc
 COMMON         0x0000000020000160       0x58 build/spi.o
                0x0000000020000160                hspi1
 COMMON         0x00000000200001b8       0x84 build/usart.o
                0x00000000200001b8                huart2
 COMMON         0x000000002000023c       0x1c build/buttons.o
                0x000000002000023c                adc
                0x0000000020000240                buttons_prev
                0x000000002000024c                buttons
 COMMON         0x0000000020000258       0x10 build/encoder.o
                0x0000000020000258                _min_value
                0x000000002000025c                _max_value
                0x0000000020000260                _encoder_delta
                0x0000000020000264                _encoder_value
 COMMON         0x0000000020000268        0x4 build/dac.o
                0x0000000020000268                spi
 COMMON         0x000000002000026c        0x4 build/stm32l0xx_hal.o
                0x000000002000026c                uwTick
 COMMON         0x0000000020000270        0x4 /Applications/ARM/bin/../lib/gcc/arm-none-eabi/9.3.1/../../../../arm-none-eabi/lib/thumb/v6-m/nofp/libc_nano.a(lib_a-reent.o)
                0x0000000020000270                errno
 COMMON         0x0000000020000274        0x9 /Applications/ARM/bin/../lib/gcc/arm-none-eabi/9.3.1/../../../../arm-none-eabi/lib/thumb/v6-m/nofp/libc_nano.a(lib_a-lock.o)
                0x0000000020000274                __lock___atexit_recursive_mutex
                0x0000000020000275                __lock___arc4random_mutex
                0x0000000020000276                __lock___env_recursive_mutex
                0x0000000020000277                __lock___sinit_recursive_mutex
                0x0000000020000278                __lock___malloc_recursive_mutex
                0x0000000020000279                __lock___at_quick_exit_mutex
                0x000000002000027a                __lock___dd_hash_mutex
                0x000000002000027b                __lock___tz_mutex
                0x000000002000027c                __lock___sfp_recursive_mutex
                0x0000000020000280                . = ALIGN (0x4)
 *fill*         0x000000002000027d        0x3 
                0x0000000020000280                _ebss = .
                0x0000000020000280                __bss_end__ = _ebss

._user_heap_stack
                0x0000000020000280      0x600 load address 0x0000000008006938
                0x0000000020000280                . = ALIGN (0x8)
                0x0000000020000280                PROVIDE (end = .)
                [!provide]                        PROVIDE (_end = .)
                0x0000000020000480                . = (. + _Min_Heap_Size)
 *fill*         0x0000000020000280      0x200 
                0x0000000020000880                . = (. + _Min_Stack_Size)
 *fill*         0x0000000020000480      0x400 
                0x0000000020000880                . = ALIGN (0x8)

/DISCARD/
 libc.a(*)
 libm.a(*)
 libgcc.a(*)

.ARM.attributes
                0x0000000000000000       0x28
 *(.ARM.attributes)
 .ARM.attributes
                0x0000000000000000       0x1e /Applications/ARM/bin/../lib/gcc/arm-none-eabi/9.3.1/thumb/v6-m/nofp/crti.o
 .ARM.attributes
                0x000000000000001e       0x2c /Applications/ARM/bin/../lib/gcc/arm-none-eabi/9.3.1/thumb/v6-m/nofp/crtbegin.o
 .ARM.attributes
                0x000000000000004a       0x2c build/main.o
 .ARM.attributes
                0x0000000000000076       0x2c build/gpio.o
 .ARM.attributes
                0x00000000000000a2       0x2c build/adc.o
 .ARM.attributes
                0x00000000000000ce       0x2c build/spi.o
 .ARM.attributes
                0x00000000000000fa       0x2c build/usart.o
 .ARM.attributes
                0x0000000000000126       0x2c build/buttons.o
 .ARM.attributes
                0x0000000000000152       0x2c build/stm32l0xx_it.o
 .ARM.attributes
                0x000000000000017e       0x2c build/stm32l0xx_hal_msp.o
 .ARM.attributes
                0x00000000000001aa       0x2c build/encoder.o
 .ARM.attributes
                0x00000000000001d6       0x2c build/ILI9341_GFX.o
 .ARM.attributes
                0x0000000000000202       0x2c build/ILI9341_STM32_Driver.o
 .ARM.attributes
                0x000000000000022e       0x2c build/dac.o
 .ARM.attributes
                0x000000000000025a       0x2c build/stm32l0xx_hal_adc.o
 .ARM.attributes
                0x0000000000000286       0x2c build/stm32l0xx_hal_adc_ex.o
 .ARM.attributes
                0x00000000000002b2       0x2c build/stm32l0xx_hal.o
 .ARM.attributes
                0x00000000000002de       0x2c build/stm32l0xx_hal_rcc.o
 .ARM.attributes
                0x000000000000030a       0x2c build/stm32l0xx_hal_rcc_ex.o
 .ARM.attributes
                0x0000000000000336       0x2c build/stm32l0xx_hal_gpio.o
 .ARM.attributes
                0x0000000000000362       0x2c build/stm32l0xx_hal_dma.o
 .ARM.attributes
                0x000000000000038e       0x2c build/stm32l0xx_hal_cortex.o
 .ARM.attributes
                0x00000000000003ba       0x2c build/stm32l0xx_hal_spi.o
 .ARM.attributes
                0x00000000000003e6       0x2c build/stm32l0xx_hal_uart.o
 .ARM.attributes
                0x0000000000000412       0x2c build/system_stm32l0xx.o
 .ARM.attributes
                0x000000000000043e       0x2c build/dma.o
 .ARM.attributes
                0x000000000000046a       0x22 build/startup_stm32l041xx.o
 .ARM.attributes
                0x000000000000048c       0x2c /Applications/ARM/bin/../lib/gcc/arm-none-eabi/9.3.1/../../../../arm-none-eabi/lib/thumb/v6-m/nofp/libc_nano.a(lib_a-impure.o)
 .ARM.attributes
                0x00000000000004b8       0x2c /Applications/ARM/bin/../lib/gcc/arm-none-eabi/9.3.1/../../../../arm-none-eabi/lib/thumb/v6-m/nofp/libc_nano.a(lib_a-init.o)
 .ARM.attributes
                0x00000000000004e4       0x2c /Applications/ARM/bin/../lib/gcc/arm-none-eabi/9.3.1/../../../../arm-none-eabi/lib/thumb/v6-m/nofp/libc_nano.a(lib_a-memcpy-stub.o)
 .ARM.attributes
                0x0000000000000510       0x2c /Applications/ARM/bin/../lib/gcc/arm-none-eabi/9.3.1/../../../../arm-none-eabi/lib/thumb/v6-m/nofp/libc_nano.a(lib_a-memset.o)
 .ARM.attributes
                0x000000000000053c       0x2c /Applications/ARM/bin/../lib/gcc/arm-none-eabi/9.3.1/../../../../arm-none-eabi/lib/thumb/v6-m/nofp/libc_nano.a(lib_a-sprintf.o)
 .ARM.attributes
                0x0000000000000568       0x2c /Applications/ARM/bin/../lib/gcc/arm-none-eabi/9.3.1/../../../../arm-none-eabi/lib/thumb/v6-m/nofp/libc_nano.a(lib_a-nano-svfprintf.o)
 .ARM.attributes
                0x0000000000000594       0x2c /Applications/ARM/bin/../lib/gcc/arm-none-eabi/9.3.1/../../../../arm-none-eabi/lib/thumb/v6-m/nofp/libc_nano.a(lib_a-nano-vfprintf_i.o)
 .ARM.attributes
                0x00000000000005c0       0x2c /Applications/ARM/bin/../lib/gcc/arm-none-eabi/9.3.1/../../../../arm-none-eabi/lib/thumb/v6-m/nofp/libc_nano.a(lib_a-memchr-stub.o)
 .ARM.attributes
                0x00000000000005ec       0x2c /Applications/ARM/bin/../lib/gcc/arm-none-eabi/9.3.1/../../../../arm-none-eabi/lib/thumb/v6-m/nofp/libc_nano.a(lib_a-memmove.o)
 .ARM.attributes
                0x0000000000000618       0x2c /Applications/ARM/bin/../lib/gcc/arm-none-eabi/9.3.1/../../../../arm-none-eabi/lib/thumb/v6-m/nofp/libc_nano.a(lib_a-nano-freer.o)
 .ARM.attributes
                0x0000000000000644       0x2c /Applications/ARM/bin/../lib/gcc/arm-none-eabi/9.3.1/../../../../arm-none-eabi/lib/thumb/v6-m/nofp/libc_nano.a(lib_a-nano-mallocr.o)
 .ARM.attributes
                0x0000000000000670       0x2c /Applications/ARM/bin/../lib/gcc/arm-none-eabi/9.3.1/../../../../arm-none-eabi/lib/thumb/v6-m/nofp/libc_nano.a(lib_a-nano-reallocr.o)
 .ARM.attributes
                0x000000000000069c       0x2c /Applications/ARM/bin/../lib/gcc/arm-none-eabi/9.3.1/../../../../arm-none-eabi/lib/thumb/v6-m/nofp/libc_nano.a(lib_a-sbrkr.o)
 .ARM.attributes
                0x00000000000006c8       0x2c /Applications/ARM/bin/../lib/gcc/arm-none-eabi/9.3.1/../../../../arm-none-eabi/lib/thumb/v6-m/nofp/libc_nano.a(lib_a-mlock.o)
 .ARM.attributes
                0x00000000000006f4       0x2c /Applications/ARM/bin/../lib/gcc/arm-none-eabi/9.3.1/../../../../arm-none-eabi/lib/thumb/v6-m/nofp/libc_nano.a(lib_a-nano-msizer.o)
 .ARM.attributes
                0x0000000000000720       0x2c /Applications/ARM/bin/../lib/gcc/arm-none-eabi/9.3.1/../../../../arm-none-eabi/lib/thumb/v6-m/nofp/libc_nano.a(lib_a-reent.o)
 .ARM.attributes
                0x000000000000074c       0x2c /Applications/ARM/bin/../lib/gcc/arm-none-eabi/9.3.1/../../../../arm-none-eabi/lib/thumb/v6-m/nofp/libc_nano.a(lib_a-lock.o)
 .ARM.attributes
                0x0000000000000778       0x2c /Applications/ARM/bin/../lib/gcc/arm-none-eabi/9.3.1/../../../../arm-none-eabi/lib/thumb/v6-m/nofp/libnosys.a(sbrk.o)
 .ARM.attributes
                0x00000000000007a4       0x1e /Applications/ARM/bin/../lib/gcc/arm-none-eabi/9.3.1/thumb/v6-m/nofp/libgcc.a(_thumb1_case_shi.o)
 .ARM.attributes
                0x00000000000007c2       0x1e /Applications/ARM/bin/../lib/gcc/arm-none-eabi/9.3.1/thumb/v6-m/nofp/libgcc.a(_udivsi3.o)
 .ARM.attributes
                0x00000000000007e0       0x1e /Applications/ARM/bin/../lib/gcc/arm-none-eabi/9.3.1/thumb/v6-m/nofp/libgcc.a(_dvmd_tls.o)
 .ARM.attributes
                0x00000000000007fe       0x1e /Applications/ARM/bin/../lib/gcc/arm-none-eabi/9.3.1/thumb/v6-m/nofp/libgcc.a(_arm_cmpdf2.o)
 .ARM.attributes
                0x000000000000081c       0x1e /Applications/ARM/bin/../lib/gcc/arm-none-eabi/9.3.1/thumb/v6-m/nofp/libgcc.a(_arm_cmpsf2.o)
 .ARM.attributes
                0x000000000000083a       0x1e /Applications/ARM/bin/../lib/gcc/arm-none-eabi/9.3.1/thumb/v6-m/nofp/libgcc.a(_aeabi_uldivmod.o)
 .ARM.attributes
                0x0000000000000858       0x2c /Applications/ARM/bin/../lib/gcc/arm-none-eabi/9.3.1/thumb/v6-m/nofp/libgcc.a(_muldi3.o)
 .ARM.attributes
                0x0000000000000884       0x2c /Applications/ARM/bin/../lib/gcc/arm-none-eabi/9.3.1/thumb/v6-m/nofp/libgcc.a(_fixunssfsi.o)
 .ARM.attributes
                0x00000000000008b0       0x2c /Applications/ARM/bin/../lib/gcc/arm-none-eabi/9.3.1/thumb/v6-m/nofp/libgcc.a(_fixunsdfsi.o)
 .ARM.attributes
                0x00000000000008dc       0x2c /Applications/ARM/bin/../lib/gcc/arm-none-eabi/9.3.1/thumb/v6-m/nofp/libgcc.a(_udivmoddi4.o)
 .ARM.attributes
                0x0000000000000908       0x2c /Applications/ARM/bin/../lib/gcc/arm-none-eabi/9.3.1/thumb/v6-m/nofp/libgcc.a(divsf3.o)
 .ARM.attributes
                0x0000000000000934       0x2c /Applications/ARM/bin/../lib/gcc/arm-none-eabi/9.3.1/thumb/v6-m/nofp/libgcc.a(eqsf2.o)
 .ARM.attributes
                0x0000000000000960       0x2c /Applications/ARM/bin/../lib/gcc/arm-none-eabi/9.3.1/thumb/v6-m/nofp/libgcc.a(gesf2.o)
 .ARM.attributes
                0x000000000000098c       0x2c /Applications/ARM/bin/../lib/gcc/arm-none-eabi/9.3.1/thumb/v6-m/nofp/libgcc.a(lesf2.o)
 .ARM.attributes
                0x00000000000009b8       0x2c /Applications/ARM/bin/../lib/gcc/arm-none-eabi/9.3.1/thumb/v6-m/nofp/libgcc.a(mulsf3.o)
 .ARM.attributes
                0x00000000000009e4       0x2c /Applications/ARM/bin/../lib/gcc/arm-none-eabi/9.3.1/thumb/v6-m/nofp/libgcc.a(subsf3.o)
 .ARM.attributes
                0x0000000000000a10       0x2c /Applications/ARM/bin/../lib/gcc/arm-none-eabi/9.3.1/thumb/v6-m/nofp/libgcc.a(fixsfsi.o)
 .ARM.attributes
                0x0000000000000a3c       0x2c /Applications/ARM/bin/../lib/gcc/arm-none-eabi/9.3.1/thumb/v6-m/nofp/libgcc.a(floatsisf.o)
 .ARM.attributes
                0x0000000000000a68       0x2c /Applications/ARM/bin/../lib/gcc/arm-none-eabi/9.3.1/thumb/v6-m/nofp/libgcc.a(floatunsisf.o)
 .ARM.attributes
                0x0000000000000a94       0x2c /Applications/ARM/bin/../lib/gcc/arm-none-eabi/9.3.1/thumb/v6-m/nofp/libgcc.a(divdf3.o)
 .ARM.attributes
                0x0000000000000ac0       0x2c /Applications/ARM/bin/../lib/gcc/arm-none-eabi/9.3.1/thumb/v6-m/nofp/libgcc.a(eqdf2.o)
 .ARM.attributes
                0x0000000000000aec       0x2c /Applications/ARM/bin/../lib/gcc/arm-none-eabi/9.3.1/thumb/v6-m/nofp/libgcc.a(gedf2.o)
 .ARM.attributes
                0x0000000000000b18       0x2c /Applications/ARM/bin/../lib/gcc/arm-none-eabi/9.3.1/thumb/v6-m/nofp/libgcc.a(ledf2.o)
 .ARM.attributes
                0x0000000000000b44       0x2c /Applications/ARM/bin/../lib/gcc/arm-none-eabi/9.3.1/thumb/v6-m/nofp/libgcc.a(muldf3.o)
 .ARM.attributes
                0x0000000000000b70       0x2c /Applications/ARM/bin/../lib/gcc/arm-none-eabi/9.3.1/thumb/v6-m/nofp/libgcc.a(subdf3.o)
 .ARM.attributes
                0x0000000000000b9c       0x2c /Applications/ARM/bin/../lib/gcc/arm-none-eabi/9.3.1/thumb/v6-m/nofp/libgcc.a(fixdfsi.o)
 .ARM.attributes
                0x0000000000000bc8       0x2c /Applications/ARM/bin/../lib/gcc/arm-none-eabi/9.3.1/thumb/v6-m/nofp/libgcc.a(floatsidf.o)
 .ARM.attributes
                0x0000000000000bf4       0x2c /Applications/ARM/bin/../lib/gcc/arm-none-eabi/9.3.1/thumb/v6-m/nofp/libgcc.a(extendsfdf2.o)
 .ARM.attributes
                0x0000000000000c20       0x2c /Applications/ARM/bin/../lib/gcc/arm-none-eabi/9.3.1/thumb/v6-m/nofp/libgcc.a(truncdfsf2.o)
 .ARM.attributes
                0x0000000000000c4c       0x1e /Applications/ARM/bin/../lib/gcc/arm-none-eabi/9.3.1/thumb/v6-m/nofp/libgcc.a(_clzsi2.o)
 .ARM.attributes
                0x0000000000000c6a       0x1e /Applications/ARM/bin/../lib/gcc/arm-none-eabi/9.3.1/thumb/v6-m/nofp/libgcc.a(_clzdi2.o)
 .ARM.attributes
                0x0000000000000c88       0x1e /Applications/ARM/bin/../lib/gcc/arm-none-eabi/9.3.1/thumb/v6-m/nofp/crtn.o
OUTPUT(build/Software.elf elf32-littlearm)
LOAD linker stubs
LOAD /Applications/ARM/bin/../lib/gcc/arm-none-eabi/9.3.1/../../../../arm-none-eabi/lib/thumb/v6-m/nofp/libc.a
LOAD /Applications/ARM/bin/../lib/gcc/arm-none-eabi/9.3.1/../../../../arm-none-eabi/lib/thumb/v6-m/nofp/libm.a
LOAD /Applications/ARM/bin/../lib/gcc/arm-none-eabi/9.3.1/thumb/v6-m/nofp/libgcc.a

.debug_info     0x0000000000000000    0x18b8b
 .debug_info    0x0000000000000000     0x2689 build/main.o
 .debug_info    0x0000000000002689      0x785 build/gpio.o
 .debug_info    0x0000000000002e0e      0xdea build/adc.o
 .debug_info    0x0000000000003bf8      0xb16 build/spi.o
 .debug_info    0x000000000000470e     0x1600 build/usart.o
 .debug_info    0x0000000000005d0e     0x134b build/buttons.o
 .debug_info    0x0000000000007059      0x50e build/stm32l0xx_it.o
 .debug_info    0x0000000000007567      0x305 build/stm32l0xx_hal_msp.o
 .debug_info    0x000000000000786c      0x6a6 build/encoder.o
 .debug_info    0x0000000000007f12     0x15e7 build/ILI9341_GFX.o
 .debug_info    0x00000000000094f9     0x1b78 build/ILI9341_STM32_Driver.o
 .debug_info    0x000000000000b071      0x967 build/dac.o
 .debug_info    0x000000000000b9d8     0x1224 build/stm32l0xx_hal_adc.o
 .debug_info    0x000000000000cbfc      0xa00 build/stm32l0xx_hal_adc_ex.o
 .debug_info    0x000000000000d5fc      0xa3f build/stm32l0xx_hal.o
 .debug_info    0x000000000000e03b      0xd75 build/stm32l0xx_hal_rcc.o
 .debug_info    0x000000000000edb0      0x6a8 build/stm32l0xx_hal_rcc_ex.o
 .debug_info    0x000000000000f458      0x858 build/stm32l0xx_hal_gpio.o
 .debug_info    0x000000000000fcb0      0x9dd build/stm32l0xx_hal_dma.o
 .debug_info    0x000000000001068d      0x97f build/stm32l0xx_hal_cortex.o
 .debug_info    0x000000000001100c     0x207e build/stm32l0xx_hal_spi.o
 .debug_info    0x000000000001308a     0x530d build/stm32l0xx_hal_uart.o
 .debug_info    0x0000000000018397      0x3bd build/system_stm32l0xx.o
 .debug_info    0x0000000000018754      0x415 build/dma.o
 .debug_info    0x0000000000018b69       0x22 build/startup_stm32l041xx.o

.debug_abbrev   0x0000000000000000     0x37e1
 .debug_abbrev  0x0000000000000000      0x37a build/main.o
 .debug_abbrev  0x000000000000037a      0x1ad build/gpio.o
 .debug_abbrev  0x0000000000000527      0x256 build/adc.o
 .debug_abbrev  0x000000000000077d      0x21f build/spi.o
 .debug_abbrev  0x000000000000099c      0x2ab build/usart.o
 .debug_abbrev  0x0000000000000c47      0x2a0 build/buttons.o
 .debug_abbrev  0x0000000000000ee7      0x178 build/stm32l0xx_it.o
 .debug_abbrev  0x000000000000105f       0xf7 build/stm32l0xx_hal_msp.o
 .debug_abbrev  0x0000000000001156      0x24e build/encoder.o
 .debug_abbrev  0x00000000000013a4      0x2c7 build/ILI9341_GFX.o
 .debug_abbrev  0x000000000000166b      0x2bc build/ILI9341_STM32_Driver.o
 .debug_abbrev  0x0000000000001927      0x230 build/dac.o
 .debug_abbrev  0x0000000000001b57      0x28a build/stm32l0xx_hal_adc.o
 .debug_abbrev  0x0000000000001de1      0x228 build/stm32l0xx_hal_adc_ex.o
 .debug_abbrev  0x0000000000002009      0x2ac build/stm32l0xx_hal.o
 .debug_abbrev  0x00000000000022b5      0x2cf build/stm32l0xx_hal_rcc.o
 .debug_abbrev  0x0000000000002584      0x22e build/stm32l0xx_hal_rcc_ex.o
 .debug_abbrev  0x00000000000027b2      0x23e build/stm32l0xx_hal_gpio.o
 .debug_abbrev  0x00000000000029f0      0x24b build/stm32l0xx_hal_dma.o
 .debug_abbrev  0x0000000000002c3b      0x29f build/stm32l0xx_hal_cortex.o
 .debug_abbrev  0x0000000000002eda      0x312 build/stm32l0xx_hal_spi.o
 .debug_abbrev  0x00000000000031ec      0x343 build/stm32l0xx_hal_uart.o
 .debug_abbrev  0x000000000000352f      0x14a build/system_stm32l0xx.o
 .debug_abbrev  0x0000000000003679      0x156 build/dma.o
 .debug_abbrev  0x00000000000037cf       0x12 build/startup_stm32l041xx.o

.debug_loc      0x0000000000000000     0xc872
 .debug_loc     0x0000000000000000      0x5e5 build/main.o
 .debug_loc     0x00000000000005e5       0x58 build/gpio.o
 .debug_loc     0x000000000000063d      0x16f build/adc.o
 .debug_loc     0x00000000000007ac       0xed build/spi.o
 .debug_loc     0x0000000000000899      0x181 build/usart.o
 .debug_loc     0x0000000000000a1a       0xd0 build/buttons.o
 .debug_loc     0x0000000000000aea       0x60 build/stm32l0xx_it.o
 .debug_loc     0x0000000000000b4a      0x20c build/encoder.o
 .debug_loc     0x0000000000000d56     0x10af build/ILI9341_GFX.o
 .debug_loc     0x0000000000001e05      0x8c7 build/ILI9341_STM32_Driver.o
 .debug_loc     0x00000000000026cc      0x14e build/dac.o
 .debug_loc     0x000000000000281a     0x1041 build/stm32l0xx_hal_adc.o
 .debug_loc     0x000000000000385b      0x348 build/stm32l0xx_hal_adc_ex.o
 .debug_loc     0x0000000000003ba3      0x212 build/stm32l0xx_hal.o
 .debug_loc     0x0000000000003db5      0x85c build/stm32l0xx_hal_rcc.o
 .debug_loc     0x0000000000004611      0x592 build/stm32l0xx_hal_rcc_ex.o
 .debug_loc     0x0000000000004ba3      0x44c build/stm32l0xx_hal_gpio.o
 .debug_loc     0x0000000000004fef      0x9f6 build/stm32l0xx_hal_dma.o
 .debug_loc     0x00000000000059e5      0x473 build/stm32l0xx_hal_cortex.o
 .debug_loc     0x0000000000005e58     0x2576 build/stm32l0xx_hal_spi.o
 .debug_loc     0x00000000000083ce     0x4269 build/stm32l0xx_hal_uart.o
 .debug_loc     0x000000000000c637      0x20f build/system_stm32l0xx.o
 .debug_loc     0x000000000000c846       0x2c build/dma.o

.debug_aranges  0x0000000000000000      0xc18
 .debug_aranges
                0x0000000000000000       0x38 build/main.o
 .debug_aranges
                0x0000000000000038       0x28 build/gpio.o
 .debug_aranges
                0x0000000000000060       0x40 build/adc.o
 .debug_aranges
                0x00000000000000a0       0x38 build/spi.o
 .debug_aranges
                0x00000000000000d8       0x40 build/usart.o
 .debug_aranges
                0x0000000000000118       0x28 build/buttons.o
 .debug_aranges
                0x0000000000000140       0x50 build/stm32l0xx_it.o
 .debug_aranges
                0x0000000000000190       0x20 build/stm32l0xx_hal_msp.o
 .debug_aranges
                0x00000000000001b0       0x58 build/encoder.o
 .debug_aranges
                0x0000000000000208       0x50 build/ILI9341_GFX.o
 .debug_aranges
                0x0000000000000258       0x98 build/ILI9341_STM32_Driver.o
 .debug_aranges
                0x00000000000002f0       0x38 build/dac.o
 .debug_aranges
                0x0000000000000328      0x100 build/stm32l0xx_hal_adc.o
 .debug_aranges
                0x0000000000000428       0x50 build/stm32l0xx_hal_adc_ex.o
 .debug_aranges
                0x0000000000000478      0x110 build/stm32l0xx_hal.o
 .debug_aranges
                0x0000000000000588       0x80 build/stm32l0xx_hal_rcc.o
 .debug_aranges
                0x0000000000000608       0x58 build/stm32l0xx_hal_rcc_ex.o
 .debug_aranges
                0x0000000000000660       0x58 build/stm32l0xx_hal_gpio.o
 .debug_aranges
                0x00000000000006b8       0x80 build/stm32l0xx_hal_dma.o
 .debug_aranges
                0x0000000000000738       0x78 build/stm32l0xx_hal_cortex.o
 .debug_aranges
                0x00000000000007b0      0x1d0 build/stm32l0xx_hal_spi.o
 .debug_aranges
                0x0000000000000980      0x228 build/stm32l0xx_hal_uart.o
 .debug_aranges
                0x0000000000000ba8       0x28 build/system_stm32l0xx.o
 .debug_aranges
                0x0000000000000bd0       0x20 build/dma.o
 .debug_aranges
                0x0000000000000bf0       0x28 build/startup_stm32l041xx.o

.debug_ranges   0x0000000000000000      0xc18
 .debug_ranges  0x0000000000000000       0x90 build/main.o
 .debug_ranges  0x0000000000000090       0x18 build/gpio.o
 .debug_ranges  0x00000000000000a8       0x30 build/adc.o
 .debug_ranges  0x00000000000000d8       0x28 build/spi.o
 .debug_ranges  0x0000000000000100       0x30 build/usart.o
 .debug_ranges  0x0000000000000130       0x18 build/buttons.o
 .debug_ranges  0x0000000000000148       0x40 build/stm32l0xx_it.o
 .debug_ranges  0x0000000000000188       0x10 build/stm32l0xx_hal_msp.o
 .debug_ranges  0x0000000000000198       0x48 build/encoder.o
 .debug_ranges  0x00000000000001e0       0xd0 build/ILI9341_GFX.o
 .debug_ranges  0x00000000000002b0       0x88 build/ILI9341_STM32_Driver.o
 .debug_ranges  0x0000000000000338       0x28 build/dac.o
 .debug_ranges  0x0000000000000360       0xf0 build/stm32l0xx_hal_adc.o
 .debug_ranges  0x0000000000000450       0x40 build/stm32l0xx_hal_adc_ex.o
 .debug_ranges  0x0000000000000490      0x100 build/stm32l0xx_hal.o
 .debug_ranges  0x0000000000000590       0xa0 build/stm32l0xx_hal_rcc.o
 .debug_ranges  0x0000000000000630       0x48 build/stm32l0xx_hal_rcc_ex.o
 .debug_ranges  0x0000000000000678       0x48 build/stm32l0xx_hal_gpio.o
 .debug_ranges  0x00000000000006c0       0x70 build/stm32l0xx_hal_dma.o
 .debug_ranges  0x0000000000000730       0xc8 build/stm32l0xx_hal_cortex.o
 .debug_ranges  0x00000000000007f8      0x1c0 build/stm32l0xx_hal_spi.o
 .debug_ranges  0x00000000000009b8      0x218 build/stm32l0xx_hal_uart.o
 .debug_ranges  0x0000000000000bd0       0x18 build/system_stm32l0xx.o
 .debug_ranges  0x0000000000000be8       0x10 build/dma.o
 .debug_ranges  0x0000000000000bf8       0x20 build/startup_stm32l041xx.o

.debug_line     0x0000000000000000     0xd91f
 .debug_line    0x0000000000000000      0x838 build/main.o
 .debug_line    0x0000000000000838      0x276 build/gpio.o
 .debug_line    0x0000000000000aae      0x411 build/adc.o
 .debug_line    0x0000000000000ebf      0x2ed build/spi.o
 .debug_line    0x00000000000011ac      0x3a6 build/usart.o
 .debug_line    0x0000000000001552      0x409 build/buttons.o
 .debug_line    0x000000000000195b      0x23c build/stm32l0xx_it.o
 .debug_line    0x0000000000001b97      0x159 build/stm32l0xx_hal_msp.o
 .debug_line    0x0000000000001cf0      0x34f build/encoder.o
 .debug_line    0x000000000000203f      0x93b build/ILI9341_GFX.o
 .debug_line    0x000000000000297a      0x68a build/ILI9341_STM32_Driver.o
 .debug_line    0x0000000000003004      0x25e build/dac.o
 .debug_line    0x0000000000003262      0xf85 build/stm32l0xx_hal_adc.o
 .debug_line    0x00000000000041e7      0x3e4 build/stm32l0xx_hal_adc_ex.o
 .debug_line    0x00000000000045cb      0x5b6 build/stm32l0xx_hal.o
 .debug_line    0x0000000000004b81      0xd13 build/stm32l0xx_hal_rcc.o
 .debug_line    0x0000000000005894      0x643 build/stm32l0xx_hal_rcc_ex.o
 .debug_line    0x0000000000005ed7      0x630 build/stm32l0xx_hal_gpio.o
 .debug_line    0x0000000000006507      0x94e build/stm32l0xx_hal_dma.o
 .debug_line    0x0000000000006e55      0x50d build/stm32l0xx_hal_cortex.o
 .debug_line    0x0000000000007362     0x245b build/stm32l0xx_hal_spi.o
 .debug_line    0x00000000000097bd     0x3d34 build/stm32l0xx_hal_uart.o
 .debug_line    0x000000000000d4f1      0x24d build/system_stm32l0xx.o
 .debug_line    0x000000000000d73e      0x16a build/dma.o
 .debug_line    0x000000000000d8a8       0x77 build/startup_stm32l041xx.o

.debug_str      0x0000000000000000     0x3a02
 .debug_str     0x0000000000000000     0x12f8 build/main.o
                                       0x13f3 (size before relaxing)
 .debug_str     0x00000000000012f8      0x28e build/gpio.o
                                        0x553 (size before relaxing)
 .debug_str     0x0000000000001586      0x10b build/adc.o
                                        0x8fb (size before relaxing)
 .debug_str     0x0000000000001691       0x58 build/spi.o
                                        0x7f4 (size before relaxing)
 .debug_str     0x00000000000016e9       0x6c build/usart.o
                                        0xc51 (size before relaxing)
 .debug_str     0x0000000000001755       0x6f build/buttons.o
                                        0xbd5 (size before relaxing)
 .debug_str     0x00000000000017c4       0xc6 build/stm32l0xx_it.o
                                        0x505 (size before relaxing)
 .debug_str     0x000000000000188a       0x29 build/stm32l0xx_hal_msp.o
                                        0x318 (size before relaxing)
 .debug_str     0x00000000000018b3       0xec build/encoder.o
                                        0x5bc (size before relaxing)
 .debug_str     0x000000000000199f      0x20b build/ILI9341_GFX.o
                                        0x8fa (size before relaxing)
 .debug_str     0x0000000000001baa      0x189 build/ILI9341_STM32_Driver.o
                                        0x900 (size before relaxing)
 .debug_str     0x0000000000001d33       0x4d build/dac.o
                                        0x708 (size before relaxing)
 .debug_str     0x0000000000001d80      0x2e8 build/stm32l0xx_hal_adc.o
                                        0xa2e (size before relaxing)
 .debug_str     0x0000000000002068      0x14e build/stm32l0xx_hal_adc_ex.o
                                        0x810 (size before relaxing)
 .debug_str     0x00000000000021b6      0x33c build/stm32l0xx_hal.o
                                        0x846 (size before relaxing)
 .debug_str     0x00000000000024f2      0x1bf build/stm32l0xx_hal_rcc.o
                                        0x752 (size before relaxing)
 .debug_str     0x00000000000026b1      0x13a build/stm32l0xx_hal_rcc_ex.o
                                        0x589 (size before relaxing)
 .debug_str     0x00000000000027eb       0x8b build/stm32l0xx_hal_gpio.o
                                        0x525 (size before relaxing)
 .debug_str     0x0000000000002876      0x216 build/stm32l0xx_hal_dma.o
                                        0x70b (size before relaxing)
 .debug_str     0x0000000000002a8c      0x252 build/stm32l0xx_hal_cortex.o
                                        0x694 (size before relaxing)
 .debug_str     0x0000000000002cde      0x519 build/stm32l0xx_hal_spi.o
                                        0xc25 (size before relaxing)
 .debug_str     0x00000000000031f7      0x77a build/stm32l0xx_hal_uart.o
                                        0xfef (size before relaxing)
 .debug_str     0x0000000000003971       0x5e build/system_stm32l0xx.o
                                        0x34d (size before relaxing)
 .debug_str     0x00000000000039cf        0xf build/dma.o
                                        0x483 (size before relaxing)
 .debug_str     0x00000000000039de       0x24 build/startup_stm32l041xx.o
                                         0x79 (size before relaxing)

.comment        0x0000000000000000       0x4c
 .comment       0x0000000000000000       0x4c build/main.o
                                         0x4d (size before relaxing)
 .comment       0x000000000000004c       0x4d build/gpio.o
 .comment       0x000000000000004c       0x4d build/adc.o
 .comment       0x000000000000004c       0x4d build/spi.o
 .comment       0x000000000000004c       0x4d build/usart.o
 .comment       0x000000000000004c       0x4d build/buttons.o
 .comment       0x000000000000004c       0x4d build/stm32l0xx_it.o
 .comment       0x000000000000004c       0x4d build/stm32l0xx_hal_msp.o
 .comment       0x000000000000004c       0x4d build/encoder.o
 .comment       0x000000000000004c       0x4d build/ILI9341_GFX.o
 .comment       0x000000000000004c       0x4d build/ILI9341_STM32_Driver.o
 .comment       0x000000000000004c       0x4d build/dac.o
 .comment       0x000000000000004c       0x4d build/stm32l0xx_hal_adc.o
 .comment       0x000000000000004c       0x4d build/stm32l0xx_hal_adc_ex.o
 .comment       0x000000000000004c       0x4d build/stm32l0xx_hal.o
 .comment       0x000000000000004c       0x4d build/stm32l0xx_hal_rcc.o
 .comment       0x000000000000004c       0x4d build/stm32l0xx_hal_rcc_ex.o
 .comment       0x000000000000004c       0x4d build/stm32l0xx_hal_gpio.o
 .comment       0x000000000000004c       0x4d build/stm32l0xx_hal_dma.o
 .comment       0x000000000000004c       0x4d build/stm32l0xx_hal_cortex.o
 .comment       0x000000000000004c       0x4d build/stm32l0xx_hal_spi.o
 .comment       0x000000000000004c       0x4d build/stm32l0xx_hal_uart.o
 .comment       0x000000000000004c       0x4d build/system_stm32l0xx.o
 .comment       0x000000000000004c       0x4d build/dma.o

.debug_frame    0x0000000000000000     0x26d0
 .debug_frame   0x0000000000000000       0x8c build/main.o
 .debug_frame   0x000000000000008c       0x50 build/gpio.o
 .debug_frame   0x00000000000000dc       0x8c build/adc.o
 .debug_frame   0x0000000000000168       0x6c build/spi.o
 .debug_frame   0x00000000000001d4       0x84 build/usart.o
 .debug_frame   0x0000000000000258       0x40 build/buttons.o
 .debug_frame   0x0000000000000298       0x98 build/stm32l0xx_it.o
 .debug_frame   0x0000000000000330       0x20 build/stm32l0xx_hal_msp.o
 .debug_frame   0x0000000000000350       0xc8 build/encoder.o
 .debug_frame   0x0000000000000418      0x124 build/ILI9341_GFX.o
 .debug_frame   0x000000000000053c      0x1d4 build/ILI9341_STM32_Driver.o
 .debug_frame   0x0000000000000710       0x74 build/dac.o
 .debug_frame   0x0000000000000784      0x2bc build/stm32l0xx_hal_adc.o
 .debug_frame   0x0000000000000a40       0xa8 build/stm32l0xx_hal_adc_ex.o
 .debug_frame   0x0000000000000ae8      0x22c build/stm32l0xx_hal.o
 .debug_frame   0x0000000000000d14      0x144 build/stm32l0xx_hal_rcc.o
 .debug_frame   0x0000000000000e58       0xac build/stm32l0xx_hal_rcc_ex.o
 .debug_frame   0x0000000000000f04       0xc0 build/stm32l0xx_hal_gpio.o
 .debug_frame   0x0000000000000fc4      0x150 build/stm32l0xx_hal_dma.o
 .debug_frame   0x0000000000001114       0xe4 build/stm32l0xx_hal_cortex.o
 .debug_frame   0x00000000000011f8      0x57c build/stm32l0xx_hal_spi.o
 .debug_frame   0x0000000000001774      0x65c build/stm32l0xx_hal_uart.o
 .debug_frame   0x0000000000001dd0       0x38 build/system_stm32l0xx.o
 .debug_frame   0x0000000000001e08       0x28 build/dma.o
 .debug_frame   0x0000000000001e30       0x2c /Applications/ARM/bin/../lib/gcc/arm-none-eabi/9.3.1/../../../../arm-none-eabi/lib/thumb/v6-m/nofp/libc_nano.a(lib_a-init.o)
 .debug_frame   0x0000000000001e5c       0x28 /Applications/ARM/bin/../lib/gcc/arm-none-eabi/9.3.1/../../../../arm-none-eabi/lib/thumb/v6-m/nofp/libc_nano.a(lib_a-memcpy-stub.o)
 .debug_frame   0x0000000000001e84       0x20 /Applications/ARM/bin/../lib/gcc/arm-none-eabi/9.3.1/../../../../arm-none-eabi/lib/thumb/v6-m/nofp/libc_nano.a(lib_a-memset.o)
 .debug_frame   0x0000000000001ea4       0x48 /Applications/ARM/bin/../lib/gcc/arm-none-eabi/9.3.1/../../../../arm-none-eabi/lib/thumb/v6-m/nofp/libc_nano.a(lib_a-sprintf.o)
 .debug_frame   0x0000000000001eec       0x74 /Applications/ARM/bin/../lib/gcc/arm-none-eabi/9.3.1/../../../../arm-none-eabi/lib/thumb/v6-m/nofp/libc_nano.a(lib_a-nano-svfprintf.o)
 .debug_frame   0x0000000000001f60       0x54 /Applications/ARM/bin/../lib/gcc/arm-none-eabi/9.3.1/../../../../arm-none-eabi/lib/thumb/v6-m/nofp/libc_nano.a(lib_a-nano-vfprintf_i.o)
 .debug_frame   0x0000000000001fb4       0x20 /Applications/ARM/bin/../lib/gcc/arm-none-eabi/9.3.1/../../../../arm-none-eabi/lib/thumb/v6-m/nofp/libc_nano.a(lib_a-memchr-stub.o)
 .debug_frame   0x0000000000001fd4       0x28 /Applications/ARM/bin/../lib/gcc/arm-none-eabi/9.3.1/../../../../arm-none-eabi/lib/thumb/v6-m/nofp/libc_nano.a(lib_a-memmove.o)
 .debug_frame   0x0000000000001ffc       0x2c /Applications/ARM/bin/../lib/gcc/arm-none-eabi/9.3.1/../../../../arm-none-eabi/lib/thumb/v6-m/nofp/libc_nano.a(lib_a-nano-freer.o)
 .debug_frame   0x0000000000002028       0x30 /Applications/ARM/bin/../lib/gcc/arm-none-eabi/9.3.1/../../../../arm-none-eabi/lib/thumb/v6-m/nofp/libc_nano.a(lib_a-nano-mallocr.o)
 .debug_frame   0x0000000000002058       0x30 /Applications/ARM/bin/../lib/gcc/arm-none-eabi/9.3.1/../../../../arm-none-eabi/lib/thumb/v6-m/nofp/libc_nano.a(lib_a-nano-reallocr.o)
 .debug_frame   0x0000000000002088       0x2c /Applications/ARM/bin/../lib/gcc/arm-none-eabi/9.3.1/../../../../arm-none-eabi/lib/thumb/v6-m/nofp/libc_nano.a(lib_a-sbrkr.o)
 .debug_frame   0x00000000000020b4       0x40 /Applications/ARM/bin/../lib/gcc/arm-none-eabi/9.3.1/../../../../arm-none-eabi/lib/thumb/v6-m/nofp/libc_nano.a(lib_a-mlock.o)
 .debug_frame   0x00000000000020f4       0x20 /Applications/ARM/bin/../lib/gcc/arm-none-eabi/9.3.1/../../../../arm-none-eabi/lib/thumb/v6-m/nofp/libc_nano.a(lib_a-nano-msizer.o)
 .debug_frame   0x0000000000002114       0x48 /Applications/ARM/bin/../lib/gcc/arm-none-eabi/9.3.1/../../../../arm-none-eabi/lib/thumb/v6-m/nofp/libc_nano.a(lib_a-reent.o)
 .debug_frame   0x000000000000215c       0xb0 /Applications/ARM/bin/../lib/gcc/arm-none-eabi/9.3.1/../../../../arm-none-eabi/lib/thumb/v6-m/nofp/libc_nano.a(lib_a-lock.o)
 .debug_frame   0x000000000000220c       0x20 /Applications/ARM/bin/../lib/gcc/arm-none-eabi/9.3.1/../../../../arm-none-eabi/lib/thumb/v6-m/nofp/libnosys.a(sbrk.o)
 .debug_frame   0x000000000000222c       0x20 /Applications/ARM/bin/../lib/gcc/arm-none-eabi/9.3.1/thumb/v6-m/nofp/libgcc.a(_udivsi3.o)
 .debug_frame   0x000000000000224c       0x34 /Applications/ARM/bin/../lib/gcc/arm-none-eabi/9.3.1/thumb/v6-m/nofp/libgcc.a(_muldi3.o)
 .debug_frame   0x0000000000002280       0x28 /Applications/ARM/bin/../lib/gcc/arm-none-eabi/9.3.1/thumb/v6-m/nofp/libgcc.a(_fixunssfsi.o)
 .debug_frame   0x00000000000022a8       0x2c /Applications/ARM/bin/../lib/gcc/arm-none-eabi/9.3.1/thumb/v6-m/nofp/libgcc.a(_fixunsdfsi.o)
 .debug_frame   0x00000000000022d4       0x3c /Applications/ARM/bin/../lib/gcc/arm-none-eabi/9.3.1/thumb/v6-m/nofp/libgcc.a(_udivmoddi4.o)
 .debug_frame   0x0000000000002310       0x38 /Applications/ARM/bin/../lib/gcc/arm-none-eabi/9.3.1/thumb/v6-m/nofp/libgcc.a(divsf3.o)
 .debug_frame   0x0000000000002348       0x2c /Applications/ARM/bin/../lib/gcc/arm-none-eabi/9.3.1/thumb/v6-m/nofp/libgcc.a(eqsf2.o)
 .debug_frame   0x0000000000002374       0x30 /Applications/ARM/bin/../lib/gcc/arm-none-eabi/9.3.1/thumb/v6-m/nofp/libgcc.a(gesf2.o)
 .debug_frame   0x00000000000023a4       0x30 /Applications/ARM/bin/../lib/gcc/arm-none-eabi/9.3.1/thumb/v6-m/nofp/libgcc.a(lesf2.o)
 .debug_frame   0x00000000000023d4       0x3c /Applications/ARM/bin/../lib/gcc/arm-none-eabi/9.3.1/thumb/v6-m/nofp/libgcc.a(mulsf3.o)
 .debug_frame   0x0000000000002410       0x38 /Applications/ARM/bin/../lib/gcc/arm-none-eabi/9.3.1/thumb/v6-m/nofp/libgcc.a(subsf3.o)
 .debug_frame   0x0000000000002448       0x20 /Applications/ARM/bin/../lib/gcc/arm-none-eabi/9.3.1/thumb/v6-m/nofp/libgcc.a(fixsfsi.o)
 .debug_frame   0x0000000000002468       0x2c /Applications/ARM/bin/../lib/gcc/arm-none-eabi/9.3.1/thumb/v6-m/nofp/libgcc.a(floatsisf.o)
 .debug_frame   0x0000000000002494       0x2c /Applications/ARM/bin/../lib/gcc/arm-none-eabi/9.3.1/thumb/v6-m/nofp/libgcc.a(floatunsisf.o)
 .debug_frame   0x00000000000024c0       0x3c /Applications/ARM/bin/../lib/gcc/arm-none-eabi/9.3.1/thumb/v6-m/nofp/libgcc.a(divdf3.o)
 .debug_frame   0x00000000000024fc       0x38 /Applications/ARM/bin/../lib/gcc/arm-none-eabi/9.3.1/thumb/v6-m/nofp/libgcc.a(eqdf2.o)
 .debug_frame   0x0000000000002534       0x38 /Applications/ARM/bin/../lib/gcc/arm-none-eabi/9.3.1/thumb/v6-m/nofp/libgcc.a(gedf2.o)
 .debug_frame   0x000000000000256c       0x38 /Applications/ARM/bin/../lib/gcc/arm-none-eabi/9.3.1/thumb/v6-m/nofp/libgcc.a(ledf2.o)
 .debug_frame   0x00000000000025a4       0x3c /Applications/ARM/bin/../lib/gcc/arm-none-eabi/9.3.1/thumb/v6-m/nofp/libgcc.a(muldf3.o)
 .debug_frame   0x00000000000025e0       0x3c /Applications/ARM/bin/../lib/gcc/arm-none-eabi/9.3.1/thumb/v6-m/nofp/libgcc.a(subdf3.o)
 .debug_frame   0x000000000000261c       0x2c /Applications/ARM/bin/../lib/gcc/arm-none-eabi/9.3.1/thumb/v6-m/nofp/libgcc.a(fixdfsi.o)
 .debug_frame   0x0000000000002648       0x2c /Applications/ARM/bin/../lib/gcc/arm-none-eabi/9.3.1/thumb/v6-m/nofp/libgcc.a(floatsidf.o)
 .debug_frame   0x0000000000002674       0x2c /Applications/ARM/bin/../lib/gcc/arm-none-eabi/9.3.1/thumb/v6-m/nofp/libgcc.a(extendsfdf2.o)
 .debug_frame   0x00000000000026a0       0x30 /Applications/ARM/bin/../lib/gcc/arm-none-eabi/9.3.1/thumb/v6-m/nofp/libgcc.a(truncdfsf2.o)

Cross Reference Table

Symbol                                            File
ADC1_COMP_IRQHandler                              build/startup_stm32l041xx.o
ADC_BUTTON_THRESHOLDS                             build/buttons.o
ADC_VAL_BUTTON_MAP                                build/buttons.o
ADC_readChannel                                   build/adc.o
                                                  build/buttons.o
                                                  build/main.o
AES_LPUART1_IRQHandler                            build/startup_stm32l041xx.o
AHBPrescTable                                     build/system_stm32l0xx.o
                                                  build/stm32l0xx_hal_rcc.o
APBPrescTable                                     build/system_stm32l0xx.o
                                                  build/stm32l0xx_hal_rcc.o
BUTTONS_init                                      build/buttons.o
                                                  build/main.o
BUTTONS_update                                    build/buttons.o
                                                  build/main.o
DAC_init                                          build/dac.o
                                                  build/main.o
DAC_setRaw                                        build/dac.o
DAC_setVolts                                      build/dac.o
                                                  build/main.o
DAC_volts2Raw                                     build/dac.o
DMA1_Channel1_IRQHandler                          build/stm32l0xx_it.o
DMA1_Channel2_3_IRQHandler                        build/startup_stm32l041xx.o
DMA1_Channel4_5_6_7_IRQHandler                    build/startup_stm32l041xx.o
Default_Handler                                   build/startup_stm32l041xx.o
ENCODER_getIncrement                              build/encoder.o
ENCODER_getValue                                  build/encoder.o
                                                  build/main.o
ENCODER_init                                      build/encoder.o
                                                  build/main.o
ENCODER_setMax                                    build/encoder.o
ENCODER_setMin                                    build/encoder.o
ENCODER_setValue                                  build/encoder.o
                                                  build/main.o
EXTI0_1_IRQHandler                                build/startup_stm32l041xx.o
EXTI2_3_IRQHandler                                build/startup_stm32l041xx.o
EXTI4_15_IRQHandler                               build/stm32l0xx_it.o
Error_Handler                                     build/main.o
                                                  build/usart.o
                                                  build/spi.o
                                                  build/adc.o
FLASH_IRQHandler                                  build/startup_stm32l041xx.o
FLASH_PageErase                                   build/stm32l0xx_hal_flash_ex.o
                                                  build/stm32l0xx_hal_flash.o
FLASH_WaitForLastOperation                        build/stm32l0xx_hal_flash.o
                                                  build/stm32l0xx_hal_flash_ex.o
GPIO_InitLCD                                      build/gpio.o
                                                  build/ILI9341_STM32_Driver.o
HAL_ADCEx_Calibration_GetValue                    build/stm32l0xx_hal_adc_ex.o
HAL_ADCEx_Calibration_SetValue                    build/stm32l0xx_hal_adc_ex.o
HAL_ADCEx_Calibration_Start                       build/stm32l0xx_hal_adc_ex.o
                                                  build/main.o
HAL_ADCEx_DisableVREFINT                          build/stm32l0xx_hal_adc_ex.o
HAL_ADCEx_DisableVREFINTTempSensor                build/stm32l0xx_hal_adc_ex.o
HAL_ADCEx_EnableVREFINT                           build/stm32l0xx_hal_adc_ex.o
HAL_ADCEx_EnableVREFINTTempSensor                 build/stm32l0xx_hal_adc_ex.o
HAL_ADC_AnalogWDGConfig                           build/stm32l0xx_hal_adc.o
HAL_ADC_ConfigChannel                             build/stm32l0xx_hal_adc.o
                                                  build/adc.o
HAL_ADC_ConvCpltCallback                          build/stm32l0xx_hal_adc.o
HAL_ADC_ConvHalfCpltCallback                      build/stm32l0xx_hal_adc.o
HAL_ADC_DeInit                                    build/stm32l0xx_hal_adc.o
HAL_ADC_ErrorCallback                             build/stm32l0xx_hal_adc.o
HAL_ADC_GetError                                  build/stm32l0xx_hal_adc.o
HAL_ADC_GetState                                  build/stm32l0xx_hal_adc.o
HAL_ADC_GetValue                                  build/stm32l0xx_hal_adc.o
HAL_ADC_IRQHandler                                build/stm32l0xx_hal_adc.o
HAL_ADC_Init                                      build/stm32l0xx_hal_adc.o
                                                  build/adc.o
HAL_ADC_LevelOutOfWindowCallback                  build/stm32l0xx_hal_adc.o
HAL_ADC_MspDeInit                                 build/adc.o
HAL_ADC_MspInit                                   build/adc.o
HAL_ADC_PollForConversion                         build/stm32l0xx_hal_adc.o
                                                  build/adc.o
HAL_ADC_PollForEvent                              build/stm32l0xx_hal_adc.o
HAL_ADC_Start                                     build/stm32l0xx_hal_adc.o
HAL_ADC_Start_DMA                                 build/stm32l0xx_hal_adc.o
                                                  build/adc.o
HAL_ADC_Start_IT                                  build/stm32l0xx_hal_adc.o
HAL_ADC_Stop                                      build/stm32l0xx_hal_adc.o
HAL_ADC_Stop_DMA                                  build/stm32l0xx_hal_adc.o
                                                  build/adc.o
HAL_ADC_Stop_IT                                   build/stm32l0xx_hal_adc.o
HAL_ADC_getInstance                               build/adc.o
                                                  build/buttons.o
                                                  build/main.o
HAL_DBGMCU_DBG_DisableLowPowerConfig              build/stm32l0xx_hal.o
HAL_DBGMCU_DBG_EnableLowPowerConfig               build/stm32l0xx_hal.o
HAL_DBGMCU_DisableDBGSleepMode                    build/stm32l0xx_hal.o
HAL_DBGMCU_DisableDBGStandbyMode                  build/stm32l0xx_hal.o
HAL_DBGMCU_DisableDBGStopMode                     build/stm32l0xx_hal.o
HAL_DBGMCU_EnableDBGSleepMode                     build/stm32l0xx_hal.o
HAL_DBGMCU_EnableDBGStandbyMode                   build/stm32l0xx_hal.o
HAL_DBGMCU_EnableDBGStopMode                      build/stm32l0xx_hal.o
HAL_DMA_Abort                                     build/stm32l0xx_hal_dma.o
                                                  build/stm32l0xx_hal_uart.o
                                                  build/stm32l0xx_hal_spi.o
                                                  build/stm32l0xx_hal_adc.o
HAL_DMA_Abort_IT                                  build/stm32l0xx_hal_dma.o
                                                  build/stm32l0xx_hal_uart.o
                                                  build/stm32l0xx_hal_spi.o
                                                  build/stm32l0xx_hal_i2c.o
HAL_DMA_DeInit                                    build/stm32l0xx_hal_dma.o
                                                  build/adc.o
HAL_DMA_GetError                                  build/stm32l0xx_hal_dma.o
                                                  build/stm32l0xx_hal_uart.o
HAL_DMA_GetState                                  build/stm32l0xx_hal_dma.o
                                                  build/stm32l0xx_hal_i2c.o
HAL_DMA_IRQHandler                                build/stm32l0xx_hal_dma.o
                                                  build/stm32l0xx_it.o
HAL_DMA_Init                                      build/stm32l0xx_hal_dma.o
                                                  build/adc.o
HAL_DMA_PollForTransfer                           build/stm32l0xx_hal_dma.o
HAL_DMA_RegisterCallback                          build/stm32l0xx_hal_dma.o
HAL_DMA_Start                                     build/stm32l0xx_hal_dma.o
HAL_DMA_Start_IT                                  build/stm32l0xx_hal_dma.o
                                                  build/stm32l0xx_hal_uart.o
                                                  build/stm32l0xx_hal_spi.o
                                                  build/stm32l0xx_hal_i2c.o
                                                  build/stm32l0xx_hal_adc.o
HAL_DMA_UnRegisterCallback                        build/stm32l0xx_hal_dma.o
HAL_DeInit                                        build/stm32l0xx_hal.o
HAL_Delay                                         build/stm32l0xx_hal.o
                                                  build/ILI9341_STM32_Driver.o
HAL_EXTI_ClearConfigLine                          build/stm32l0xx_hal_exti.o
HAL_EXTI_ClearPending                             build/stm32l0xx_hal_exti.o
HAL_EXTI_GenerateSWI                              build/stm32l0xx_hal_exti.o
HAL_EXTI_GetConfigLine                            build/stm32l0xx_hal_exti.o
HAL_EXTI_GetHandle                                build/stm32l0xx_hal_exti.o
HAL_EXTI_GetPending                               build/stm32l0xx_hal_exti.o
HAL_EXTI_IRQHandler                               build/stm32l0xx_hal_exti.o
HAL_EXTI_RegisterCallback                         build/stm32l0xx_hal_exti.o
HAL_EXTI_SetConfigLine                            build/stm32l0xx_hal_exti.o
HAL_FLASHEx_AdvOBGetConfig                        build/stm32l0xx_hal_flash_ex.o
HAL_FLASHEx_AdvOBProgram                          build/stm32l0xx_hal_flash_ex.o
HAL_FLASHEx_DATAEEPROM_DisableFixedTimeProgram    build/stm32l0xx_hal_flash_ex.o
HAL_FLASHEx_DATAEEPROM_EnableFixedTimeProgram     build/stm32l0xx_hal_flash_ex.o
HAL_FLASHEx_DATAEEPROM_Erase                      build/stm32l0xx_hal_flash_ex.o
HAL_FLASHEx_DATAEEPROM_Lock                       build/stm32l0xx_hal_flash_ex.o
HAL_FLASHEx_DATAEEPROM_Program                    build/stm32l0xx_hal_flash_ex.o
HAL_FLASHEx_DATAEEPROM_Unlock                     build/stm32l0xx_hal_flash_ex.o
HAL_FLASHEx_DisableRunPowerDown                   build/stm32l0xx_hal_flash_ramfunc.o
HAL_FLASHEx_EnableRunPowerDown                    build/stm32l0xx_hal_flash_ramfunc.o
HAL_FLASHEx_Erase                                 build/stm32l0xx_hal_flash_ex.o
HAL_FLASHEx_Erase_IT                              build/stm32l0xx_hal_flash_ex.o
HAL_FLASHEx_GetError                              build/stm32l0xx_hal_flash_ramfunc.o
HAL_FLASHEx_HalfPageProgram                       build/stm32l0xx_hal_flash_ramfunc.o
HAL_FLASHEx_OBGetConfig                           build/stm32l0xx_hal_flash_ex.o
HAL_FLASHEx_OBProgram                             build/stm32l0xx_hal_flash_ex.o
HAL_FLASHEx_OB_DeSelectPCROP                      build/stm32l0xx_hal_flash_ex.o
HAL_FLASHEx_OB_SelectPCROP                        build/stm32l0xx_hal_flash_ex.o
HAL_FLASH_EndOfOperationCallback                  build/stm32l0xx_hal_flash.o
HAL_FLASH_GetError                                build/stm32l0xx_hal_flash.o
HAL_FLASH_IRQHandler                              build/stm32l0xx_hal_flash.o
HAL_FLASH_Lock                                    build/stm32l0xx_hal_flash.o
HAL_FLASH_OB_Launch                               build/stm32l0xx_hal_flash.o
HAL_FLASH_OB_Lock                                 build/stm32l0xx_hal_flash.o
HAL_FLASH_OB_Unlock                               build/stm32l0xx_hal_flash.o
HAL_FLASH_OperationErrorCallback                  build/stm32l0xx_hal_flash.o
HAL_FLASH_Program                                 build/stm32l0xx_hal_flash.o
HAL_FLASH_Program_IT                              build/stm32l0xx_hal_flash.o
HAL_FLASH_Unlock                                  build/stm32l0xx_hal_flash.o
HAL_GPIO_DeInit                                   build/stm32l0xx_hal_gpio.o
                                                  build/encoder.o
                                                  build/usart.o
                                                  build/spi.o
                                                  build/adc.o
HAL_GPIO_EXTI_Callback                            build/encoder.o
HAL_GPIO_EXTI_IRQHandler                          build/stm32l0xx_hal_gpio.o
                                                  build/stm32l0xx_it.o
HAL_GPIO_Init                                     build/stm32l0xx_hal_gpio.o
                                                  build/stm32l0xx_hal_rcc.o
                                                  build/encoder.o
                                                  build/usart.o
                                                  build/spi.o
                                                  build/adc.o
                                                  build/gpio.o
HAL_GPIO_LockPin                                  build/stm32l0xx_hal_gpio.o
HAL_GPIO_ReadPin                                  build/stm32l0xx_hal_gpio.o
                                                  build/encoder.o
HAL_GPIO_TogglePin                                build/stm32l0xx_hal_gpio.o
HAL_GPIO_WritePin                                 build/stm32l0xx_hal_gpio.o
                                                  build/dac.o
                                                  build/ILI9341_STM32_Driver.o
                                                  build/ILI9341_GFX.o
                                                  build/gpio.o
                                                  build/main.o